{"timestamp":"2026-10-06T13:10:00.704970Z","level":"INFO","fields":{"message":"engine built","book":"shadow:stress-s15-core","ticker":"MSFT","config_version_id":16},"target":"data_feed::book"}
{"timestamp":"2026-10-06T13:10:00.704996Z","level":"INFO","fields":{"message":"engine built","book":"shadow:thrust-1h15","ticker":"AMZN","config_version_id":19},"target":"data_feed::book"}
{"timestamp":"2026-10-06T13:10:00.705015Z","level":"INFO","fields":{"message":"engine built","book":"shadow:thrust-1h15","ticker":"AAPL","config_version_id":19},"target":"data_feed::book"}
{"timestamp":"2026-10-06T13:10:00.705033Z","level":"INFO","fields":{"message":"engine built","book":"shadow:thrust-1h15","ticker":"NVDA","config_version_id":19},"target":"data_feed::book"}
{"timestamp":"2026-10-06T13:10:00.705051Z","level":"INFO","fields":{"message":"engine built","book":"shadow:thrust-1h15","ticker":"MSFT","config_version_id":19},"target":"data_feed::book"}
{"timestamp":"2026-10-06T13:10:00.705077Z","level":"INFO","fields":{"message":"engine built","book":"shadow:size-vpin26-x1.25","ticker":"AMZN","config_version_id":18},"target":"data_feed::book"}
{"timestamp":"2026-10-06T13:10:00.705096Z","level":"INFO","fields":{"message":"engine built","book":"shadow:size-vpin26-x1.25","ticker":"AAPL","config_version_id":18},"target":"data_feed::book"}
{"timestamp":"2026-10-06T13:10:00.705113Z","level":"INFO","fields":{"message":"engine built","book":"shadow:size-vpin26-x1.25","ticker":"NVDA","config_version_id":18},"target":"data_feed::book"}
{"timestamp":"2026-10-06T13:10:00.705132Z","level":"INFO","fields":{"message":"engine built","book":"shadow:size-vpin26-x1.25","ticker":"MSFT","config_version_id":18},"target":"data_feed::book"}
{"timestamp":"2026-10-06T13:31:00.240978Z","level":"INFO","fields":{"message":"book session recorded","book":"primary","session_date":"2026-10-06","config_version_id":12},"target":"data_feed::book"}
{"timestamp":"2026-10-06T13:31:00.243293Z","level":"INFO","fields":{"message":"book session recorded","book":"shadow:vpin-0.26","session_date":"2026-10-06","config_version_id":14},"target":"data_feed::book"}
{"timestamp":"2026-10-06T13:31:00.245753Z","level":"INFO","fields":{"message":"book session recorded","book":"shadow:stress-s15-core","session_date":"2026-10-06","config_version_id":16},"target":"data_feed::book"}
{"timestamp":"2026-10-06T13:31:00.248133Z","level":"INFO","fields":{"message":"book session recorded","book":"shadow:thrust-1h15","session_date":"2026-10-06","config_version_id":19},"target":"data_feed::book"}
{"timestamp":"2026-10-06T13:31:00.250345Z","level":"INFO","fields":{"message":"book session recorded","book":"shadow:size-vpin26-x1.25","session_date":"2026-10-06","config_version_id":18},"target":"data_feed::book"}
{"timestamp":"2026-10-06T13:45:00.237733Z","level":"INFO","fields":{"message":"status","ticks":60,"daily_pnl":"0.00","open_positions":"[\"primary: []\", \"shadow:vpin-0.26: []\", \"shadow:stress-s15-core: []\", \"shadow:thrust-1h15: []\", \"shadow:size-vpin26-x1.25: []\"]","pending_config":"[]"},"target":"paper_trader"}
{"timestamp":"2026-10-06T14:00:00.320518Z","level":"INFO","fields":{"message":"status","ticks":120,"daily_pnl":"0.00","open_positions":"[\"primary: []\", \"shadow:vpin-0.26: []\", \"shadow:stress-s15-core: []\", \"shadow:thrust-1h15: []\", \"shadow:size-vpin26-x1.25: []\"]","pending_config":"[]"},"target":"paper_trader"}
{"timestamp":"2026-10-06T14:15:00.073324Z","level":"INFO","fields":{"message":"status","ticks":180,"daily_pnl":"0.00","open_positions":"[\"primary: []\", \"shadow:vpin-0.26: []\", \"shadow:stress-s15-core: []\", \"shadow:thrust-1h15: []\", \"shadow:size-vpin26-x1.25: []\"]","pending_config":"[]"},"target":"paper_trader"}
{"timestamp":"2026-10-06T14:30:00.252349Z","level":"INFO","fields":{"message":"status","ticks":240,"daily_pnl":"0.00","open_positions":"[\"primary: []\", \"shadow:vpin-0.26: []\", \"shadow:stress-s15-core: []\", \"shadow:thrust-1h15: []\", \"shadow:size-vpin26-x1.25: []\"]","pending_config":"[]"},"target":"paper_trader"}
{"timestamp":"2026-10-06T14:45:00.250649Z","level":"INFO","fields":{"message":"status","ticks":300,"daily_pnl":"0.00","open_positions":"[\"primary: []\", \"shadow:vpin-0.26: []\", \"shadow:stress-s15-core: []\", \"shadow:thrust-1h15: []\", \"shadow:size-vpin26-x1.25: []\"]","pending_config":"[]"},"target":"paper_trader"}
{"timestamp":"2026-10-06T15:00:00.262892Z","level":"INFO","fields":{"message":"status","ticks":360,"daily_pnl":"0.00","open_positions":"[\"primary: []\", \"shadow:vpin-0.26: []\", \"shadow:stress-s15-core: []\", \"shadow:thrust-1h15: []\", \"shadow:size-vpin26-x1.25: []\"]","pending_config":"[]"},"target":"paper_trader"}
{"timestamp":"2026-10-06T15:16:00.235156Z","level":"INFO","fields":{"message":"status","ticks":420,"daily_pnl":"0.00","open_positions":"[\"primary: []\", \"shadow:vpin-0.26: []\", \"shadow:stress-s15-core: []\", \"shadow:thrust-1h15: []\", \"shadow:size-vpin26-x1.25: []\"]","pending_config":"[]"},"target":"paper_trader"}
{"timestamp":"2026-10-06T15:31:00.256671Z","level":"INFO","fields":{"message":"status","ticks":480,"daily_pnl":"0.00","open_positions":"[\"primary: []\", \"shadow:vpin-0.26: []\", \"shadow:stress-s15-core: []\", \"shadow:thrust-1h15: []\", \"shadow:size-vpin26-x1.25: []\"]","pending_config":"[]"},"target":"paper_trader"}
{"timestamp":"2026-10-06T15:46:00.239347Z","level":"INFO","fields":{"message":"status","ticks":540,"daily_pnl":"0.00","open_positions":"[\"primary: []\", \"shadow:vpin-0.26: []\", \"shadow:stress-s15-core: []\", \"shadow:thrust-1h15: []\", \"shadow:size-vpin26-x1.25: []\"]","pending_config":"[]"},"target":"paper_trader"}
{"timestamp":"2026-10-06T16:01:00.240919Z","level":"INFO","fields":{"message":"status","ticks":600,"daily_pnl":"0.00","open_positions":"[\"primary: []\", \"shadow:vpin-0.26: []\", \"shadow:stress-s15-core: []\", \"shadow:thrust-1h15: []\", \"shadow:size-vpin26-x1.25: []\"]","pending_config":"[]"},"target":"paper_trader"}
{"timestamp":"2026-10-06T16:16:00.254701Z","level":"INFO","fields":{"message":"status","ticks":660,"daily_pnl":"0.00","open_positions":"[\"primary: []\", \"shadow:vpin-0.26: []\", \"shadow:stress-s15-core: []\", \"shadow:thrust-1h15: []\", \"shadow:size-vpin26-x1.25: []\"]","pending_config":"[]"},"target":"paper_trader"}
{"timestamp":"2026-10-06T16:31:00.267750Z","level":"INFO","fields":{"message":"status","ticks":720,"daily_pnl":"0.00","open_positions":"[\"primary: []\", \"shadow:vpin-0.26: []\", \"shadow:stress-s15-core: []\", \"shadow:thrust-1h15: []\", \"shadow:size-vpin26-x1.25: []\"]","pending_config":"[]"},"target":"paper_trader"}
{"timestamp":"2026-10-06T16:46:00.252319Z","level":"INFO","fields":{"message":"status","ticks":780,"daily_pnl":"0.00","open_positions":"[\"primary: []\", \"shadow:vpin-0.26: []\", \"shadow:stress-s15-core: []\", \"shadow:thrust-1h15: []\", \"shadow:size-vpin26-x1.25: []\"]","pending_config":"[]"},"target":"paper_trader"}
{"timestamp":"2026-10-06T17:01:00.241617Z","level":"INFO","fields":{"message":"status","ticks":840,"daily_pnl":"0.00","open_positions":"[\"primary: []\", \"shadow:vpin-0.26: []\", \"shadow:stress-s15-core: []\", \"shadow:thrust-1h15: []\", \"shadow:size-vpin26-x1.25: []\"]","pending_config":"[]"},"target":"paper_trader"}
{"timestamp":"2026-10-06T17:16:00.268780Z","level":"INFO","fields":{"message":"status","ticks":900,"daily_pnl":"0.00","open_positions":"[\"primary: []\", \"shadow:vpin-0.26: []\", \"shadow:stress-s15-core: []\", \"shadow:thrust-1h15: []\", \"shadow:size-vpin26-x1.25: []\"]","pending_config":"[]"},"target":"paper_trader"}
{"timestamp":"2026-10-06T17:31:00.254221Z","level":"INFO","fields":{"message":"status","ticks":960,"daily_pnl":"0.00","open_positions":"[\"primary: []\", \"shadow:vpin-0.26: []\", \"shadow:stress-s15-core: []\", \"shadow:thrust-1h15: []\", \"shadow:size-vpin26-x1.25: []\"]","pending_config":"[]"},"target":"paper_trader"}
{"timestamp":"2026-10-06T17:46:00.256015Z","level":"INFO","fields":{"message":"status","ticks":1020,"daily_pnl":"0.00","open_positions":"[\"primary: []\", \"shadow:vpin-0.26: []\", \"shadow:stress-s15-core: []\", \"shadow:thrust-1h15: []\", \"shadow:size-vpin26-x1.25: []\"]","pending_config":"[]"},"target":"paper_trader"}
{"timestamp":"2026-10-06T18:01:00.263589Z","level":"INFO","fields":{"message":"status","ticks":1080,"daily_pnl":"0.00","open_positions":"[\"primary: []\", \"shadow:vpin-0.26: []\", \"shadow:stress-s15-core: []\", \"shadow:thrust-1h15: []\", \"shadow:size-vpin26-x1.25: []\"]","pending_config":"[]"},"target":"paper_trader"}
{"timestamp":"2026-10-06T18:16:00.251713Z","level":"INFO","fields":{"message":"status","ticks":1140,"daily_pnl":"0.00","open_positions":"[\"primary: []\", \"shadow:vpin-0.26: []\", \"shadow:stress-s15-core: []\", \"shadow:thrust-1h15: []\", \"shadow:size-vpin26-x1.25: []\"]","pending_config":"[]"},"target":"paper_trader"}
{"timestamp":"2026-10-06T18:31:00.304227Z","level":"INFO","fields":{"message":"status","ticks":1200,"daily_pnl":"0.00","open_positions":"[\"primary: []\", \"shadow:vpin-0.26: []\", \"shadow:stress-s15-core: []\", \"shadow:thrust-1h15: []\", \"shadow:size-vpin26-x1.25: []\"]","pending_config":"[]"},"target":"paper_trader"}
{"timestamp":"2026-10-06T18:47:00.246690Z","level":"INFO","fields":{"message":"status","ticks":1260,"daily_pnl":"0.00","open_positions":"[\"primary: []\", \"shadow:vpin-0.26: []\", \"shadow:stress-s15-core: []\", \"shadow:thrust-1h15: []\", \"shadow:size-vpin26-x1.25: []\"]","pending_config":"[]"},"target":"paper_trader"}
{"timestamp":"2026-10-06T19:02:00.242167Z","level":"INFO","fields":{"message":"status","ticks":1320,"daily_pnl":"0.00","open_positions":"[\"primary: []\", \"shadow:vpin-0.26: []\", \"shadow:stress-s15-core: []\", \"shadow:thrust-1h15: []\", \"shadow:size-vpin26-x1.25: []\"]","pending_config":"[]"},"target":"paper_trader"}
{"timestamp":"2026-10-06T19:17:00.069059Z","level":"INFO","fields":{"message":"status","ticks":1380,"daily_pnl":"0.00","open_positions":"[\"primary: []\", \"shadow:vpin-0.26: []\", \"shadow:stress-s15-core: []\", \"shadow:thrust-1h15: []\", \"shadow:size-vpin26-x1.25: []\"]","pending_config":"[]"},"target":"paper_trader"}
{"timestamp":"2026-10-06T19:32:00.258561Z","level":"INFO","fields":{"message":"status","ticks":1440,"daily_pnl":"0.00","open_positions":"[\"primary: []\", \"shadow:vpin-0.26: []\", \"shadow:stress-s15-core: []\", \"shadow:thrust-1h15: []\", \"shadow:size-vpin26-x1.25: []\"]","pending_config":"[]"},"target":"paper_trader"}
{"timestamp":"2026-10-06T19:47:00.252686Z","level":"INFO","fields":{"message":"status","ticks":1500,"daily_pnl":"0.00","open_positions":"[\"primary: []\", \"shadow:vpin-0.26: []\", \"shadow:stress-s15-core: []\", \"shadow:thrust-1h15: []\", \"shadow:size-vpin26-x1.25: []\"]","pending_config":"[]"},"target":"paper_trader"}
{"timestamp":"2026-10-06T20:10:01.169267Z","level":"INFO","fields":{"message":"shutdown complete","total_ticks":1555,"daily_pnl":"0.00","open_positions":0,"books":"[\"primary: pnl 0.00, open []\", \"shadow:vpin-0.26: pnl 0.00, open []\", \"shadow:stress-s15-core: pnl 0.00, open []\", \"shadow:thrust-1h15: pnl 0.00, open []\", \"shadow:size-vpin26-x1.25: pnl 0.00, open []\"]"},"target":"paper_trader"}
