{"timestamp":"2026-10-07T13:10:04.749111Z","level":"INFO","fields":{"message":"engine built","book":"shadow:size-vpin26-x1.25","ticker":"AMZN","config_version_id":18},"target":"data_feed::book"}
{"timestamp":"2026-10-07T13:10:04.749129Z","level":"INFO","fields":{"message":"engine built","book":"shadow:size-vpin26-x1.25","ticker":"AAPL","config_version_id":18},"target":"data_feed::book"}
{"timestamp":"2026-10-07T13:10:04.749147Z","level":"INFO","fields":{"message":"engine built","book":"shadow:size-vpin26-x1.25","ticker":"NVDA","config_version_id":18},"target":"data_feed::book"}
{"timestamp":"2026-10-07T13:10:04.749165Z","level":"INFO","fields":{"message":"engine built","book":"shadow:size-vpin26-x1.25","ticker":"MSFT","config_version_id":18},"target":"data_feed::book"}
{"timestamp":"2026-10-07T13:31:00.239573Z","level":"INFO","fields":{"message":"book session recorded","book":"primary","session_date":"2026-10-07","config_version_id":12},"target":"data_feed::book"}
{"timestamp":"2026-10-07T13:31:00.241715Z","level":"INFO","fields":{"message":"book session recorded","book":"shadow:vpin-0.26","session_date":"2026-10-07","config_version_id":14},"target":"data_feed::book"}
{"timestamp":"2026-10-07T13:31:00.243711Z","level":"INFO","fields":{"message":"book session recorded","book":"shadow:stress-s15-core","session_date":"2026-10-07","config_version_id":16},"target":"data_feed::book"}
{"timestamp":"2026-10-07T13:31:00.245768Z","level":"INFO","fields":{"message":"book session recorded","book":"shadow:thrust-1h15","session_date":"2026-10-07","config_version_id":19},"target":"data_feed::book"}
{"timestamp":"2026-10-07T13:31:00.247812Z","level":"INFO","fields":{"message":"book session recorded","book":"shadow:size-vpin26-x1.25","session_date":"2026-10-07","config_version_id":18},"target":"data_feed::book"}
{"timestamp":"2026-10-07T13:45:00.286851Z","level":"INFO","fields":{"message":"status","ticks":60,"daily_pnl":"0.00","open_positions":"[\"primary: []\", \"shadow:vpin-0.26: []\", \"shadow:stress-s15-core: []\", \"shadow:thrust-1h15: []\", \"shadow:size-vpin26-x1.25: []\"]","pending_config":"[]"},"target":"paper_trader"}
{"timestamp":"2026-10-07T14:00:00.371573Z","level":"INFO","fields":{"message":"status","ticks":120,"daily_pnl":"0.00","open_positions":"[\"primary: []\", \"shadow:vpin-0.26: []\", \"shadow:stress-s15-core: []\", \"shadow:thrust-1h15: []\", \"shadow:size-vpin26-x1.25: []\"]","pending_config":"[]"},"target":"paper_trader"}
{"timestamp":"2026-10-07T14:15:00.238827Z","level":"INFO","fields":{"message":"status","ticks":180,"daily_pnl":"0.00","open_positions":"[\"primary: []\", \"shadow:vpin-0.26: []\", \"shadow:stress-s15-core: []\", \"shadow:thrust-1h15: []\", \"shadow:size-vpin26-x1.25: []\"]","pending_config":"[]"},"target":"paper_trader"}
{"timestamp":"2026-10-07T14:30:00.247071Z","level":"INFO","fields":{"message":"status","ticks":240,"daily_pnl":"0.00","open_positions":"[\"primary: []\", \"shadow:vpin-0.26: []\", \"shadow:stress-s15-core: []\", \"shadow:thrust-1h15: []\", \"shadow:size-vpin26-x1.25: []\"]","pending_config":"[]"},"target":"paper_trader"}
{"timestamp":"2026-10-07T14:46:00.228528Z","level":"INFO","fields":{"message":"status","ticks":300,"daily_pnl":"0.00","open_positions":"[\"primary: []\", \"shadow:vpin-0.26: []\", \"shadow:stress-s15-core: []\", \"shadow:thrust-1h15: []\", \"shadow:size-vpin26-x1.25: []\"]","pending_config":"[]"},"target":"paper_trader"}
{"timestamp":"2026-10-07T15:01:00.224465Z","level":"INFO","fields":{"message":"status","ticks":360,"daily_pnl":"0.00","open_positions":"[\"primary: []\", \"shadow:vpin-0.26: []\", \"shadow:stress-s15-core: []\", \"shadow:thrust-1h15: []\", \"shadow:size-vpin26-x1.25: []\"]","pending_config":"[]"},"target":"paper_trader"}
{"timestamp":"2026-10-07T15:16:00.063517Z","level":"INFO","fields":{"message":"status","ticks":420,"daily_pnl":"0.00","open_positions":"[\"primary: []\", \"shadow:vpin-0.26: []\", \"shadow:stress-s15-core: []\", \"shadow:thrust-1h15: []\", \"shadow:size-vpin26-x1.25: []\"]","pending_config":"[]"},"target":"paper_trader"}
{"timestamp":"2026-10-07T15:31:00.256255Z","level":"INFO","fields":{"message":"status","ticks":480,"daily_pnl":"0.00","open_positions":"[\"primary: []\", \"shadow:vpin-0.26: []\", \"shadow:stress-s15-core: []\", \"shadow:thrust-1h15: []\", \"shadow:size-vpin26-x1.25: []\"]","pending_config":"[]"},"target":"paper_trader"}
{"timestamp":"2026-10-07T15:46:00.090872Z","level":"INFO","fields":{"message":"status","ticks":540,"daily_pnl":"0.00","open_positions":"[\"primary: []\", \"shadow:vpin-0.26: []\", \"shadow:stress-s15-core: []\", \"shadow:thrust-1h15: []\", \"shadow:size-vpin26-x1.25: []\"]","pending_config":"[]"},"target":"paper_trader"}
{"timestamp":"2026-10-07T16:01:00.255724Z","level":"INFO","fields":{"message":"status","ticks":600,"daily_pnl":"0.00","open_positions":"[\"primary: []\", \"shadow:vpin-0.26: []\", \"shadow:stress-s15-core: []\", \"shadow:thrust-1h15: []\", \"shadow:size-vpin26-x1.25: []\"]","pending_config":"[]"},"target":"paper_trader"}
{"timestamp":"2026-10-07T16:10:07.929835Z","level":"ERROR","fields":{"channel":"0x55ee919ec438","msg":"server failed to respond to pings"},"target":"websocket_util::wrap"}
{"timestamp":"2026-10-07T16:10:07.929860Z","level":"ERROR","fields":{"message":"stream transport error","error":"Io(Custom { kind: TimedOut, error: \"server failed to respond to pings\" })"},"target":"data_feed::alpaca_feed"}
{"timestamp":"2026-10-07T16:10:07.930590Z","level":"WARN","fields":{"message":"stream disconnected, reconnecting","error":"stream error: Io(Custom { kind: TimedOut, error: \"server failed to respond to pings\" })","backoff_ms":1000},"target":"data_feed::alpaca_feed"}
{"timestamp":"2026-10-07T16:10:11.271454Z","level":"WARN","fields":{"message":"stream disconnected, reconnecting","error":"connection failed: encountered a websocket related error","backoff_ms":2000},"target":"data_feed::alpaca_feed"}
{"timestamp":"2026-10-07T16:10:20.186707Z","level":"WARN","fields":{"message":"stream disconnected, reconnecting","error":"connection failed: encountered a websocket related error","backoff_ms":4000},"target":"data_feed::alpaca_feed"}
{"timestamp":"2026-10-07T16:17:00.235140Z","level":"INFO","fields":{"message":"status","ticks":660,"daily_pnl":"0.00","open_positions":"[\"primary: []\", \"shadow:vpin-0.26: []\", \"shadow:stress-s15-core: []\", \"shadow:thrust-1h15: []\", \"shadow:size-vpin26-x1.25: []\"]","pending_config":"[]"},"target":"paper_trader"}
{"timestamp":"2026-10-07T16:32:00.249996Z","level":"INFO","fields":{"message":"status","ticks":720,"daily_pnl":"0.00","open_positions":"[\"primary: []\", \"shadow:vpin-0.26: []\", \"shadow:stress-s15-core: []\", \"shadow:thrust-1h15: []\", \"shadow:size-vpin26-x1.25: []\"]","pending_config":"[]"},"target":"paper_trader"}
{"timestamp":"2026-10-07T16:47:00.260840Z","level":"INFO","fields":{"message":"status","ticks":780,"daily_pnl":"0.00","open_positions":"[\"primary: []\", \"shadow:vpin-0.26: []\", \"shadow:stress-s15-core: []\", \"shadow:thrust-1h15: []\", \"shadow:size-vpin26-x1.25: []\"]","pending_config":"[]"},"target":"paper_trader"}
{"timestamp":"2026-10-07T17:02:00.260638Z","level":"INFO","fields":{"message":"status","ticks":840,"daily_pnl":"0.00","open_positions":"[\"primary: []\", \"shadow:vpin-0.26: []\", \"shadow:stress-s15-core: []\", \"shadow:thrust-1h15: []\", \"shadow:size-vpin26-x1.25: []\"]","pending_config":"[]"},"target":"paper_trader"}
{"timestamp":"2026-10-07T17:17:00.237105Z","level":"INFO","fields":{"message":"status","ticks":900,"daily_pnl":"0.00","open_positions":"[\"primary: []\", \"shadow:vpin-0.26: []\", \"shadow:stress-s15-core: []\", \"shadow:thrust-1h15: []\", \"shadow:size-vpin26-x1.25: []\"]","pending_config":"[]"},"target":"paper_trader"}
{"timestamp":"2026-10-07T17:32:00.243121Z","level":"INFO","fields":{"message":"status","ticks":960,"daily_pnl":"0.00","open_positions":"[\"primary: []\", \"shadow:vpin-0.26: []\", \"shadow:stress-s15-core: []\", \"shadow:thrust-1h15: []\", \"shadow:size-vpin26-x1.25: []\"]","pending_config":"[]"},"target":"paper_trader"}
{"timestamp":"2026-10-07T17:47:00.244026Z","level":"INFO","fields":{"message":"status","ticks":1020,"daily_pnl":"0.00","open_positions":"[\"primary: []\", \"shadow:vpin-0.26: []\", \"shadow:stress-s15-core: []\", \"shadow:thrust-1h15: []\", \"shadow:size-vpin26-x1.25: []\"]","pending_config":"[]"},"target":"paper_trader"}
{"timestamp":"2026-10-07T18:02:00.248753Z","level":"INFO","fields":{"message":"status","ticks":1080,"daily_pnl":"0.00","open_positions":"[\"primary: []\", \"shadow:vpin-0.26: []\", \"shadow:stress-s15-core: []\", \"shadow:thrust-1h15: []\", \"shadow:size-vpin26-x1.25: []\"]","pending_config":"[]"},"target":"paper_trader"}
{"timestamp":"2026-10-07T18:17:00.269853Z","level":"INFO","fields":{"message":"status","ticks":1140,"daily_pnl":"0.00","open_positions":"[\"primary: []\", \"shadow:vpin-0.26: []\", \"shadow:stress-s15-core: []\", \"shadow:thrust-1h15: []\", \"shadow:size-vpin26-x1.25: []\"]","pending_config":"[]"},"target":"paper_trader"}
{"timestamp":"2026-10-07T18:32:00.255302Z","level":"INFO","fields":{"message":"status","ticks":1200,"daily_pnl":"0.00","open_positions":"[\"primary: []\", \"shadow:vpin-0.26: []\", \"shadow:stress-s15-core: []\", \"shadow:thrust-1h15: []\", \"shadow:size-vpin26-x1.25: []\"]","pending_config":"[]"},"target":"paper_trader"}
{"timestamp":"2026-10-07T18:47:00.265093Z","level":"INFO","fields":{"message":"status","ticks":1260,"daily_pnl":"0.00","open_positions":"[\"primary: []\", \"shadow:vpin-0.26: []\", \"shadow:stress-s15-core: []\", \"shadow:thrust-1h15: []\", \"shadow:size-vpin26-x1.25: []\"]","pending_config":"[]"},"target":"paper_trader"}
{"timestamp":"2026-10-07T19:02:00.262582Z","level":"INFO","fields":{"message":"status","ticks":1320,"daily_pnl":"0.00","open_positions":"[\"primary: []\", \"shadow:vpin-0.26: []\", \"shadow:stress-s15-core: []\", \"shadow:thrust-1h15: []\", \"shadow:size-vpin26-x1.25: []\"]","pending_config":"[]"},"target":"paper_trader"}
{"timestamp":"2026-10-07T19:17:00.278425Z","level":"INFO","fields":{"message":"status","ticks":1380,"daily_pnl":"0.00","open_positions":"[\"primary: []\", \"shadow:vpin-0.26: []\", \"shadow:stress-s15-core: []\", \"shadow:thrust-1h15: []\", \"shadow:size-vpin26-x1.25: []\"]","pending_config":"[]"},"target":"paper_trader"}
{"timestamp":"2026-10-07T19:32:00.271306Z","level":"INFO","fields":{"message":"status","ticks":1440,"daily_pnl":"0.00","open_positions":"[\"primary: []\", \"shadow:vpin-0.26: []\", \"shadow:stress-s15-core: []\", \"shadow:thrust-1h15: []\", \"shadow:size-vpin26-x1.25: []\"]","pending_config":"[]"},"target":"paper_trader"}
{"timestamp":"2026-10-07T19:47:00.279578Z","level":"INFO","fields":{"message":"status","ticks":1500,"daily_pnl":"0.00","open_positions":"[\"primary: []\", \"shadow:vpin-0.26: []\", \"shadow:stress-s15-core: []\", \"shadow:thrust-1h15: []\", \"shadow:size-vpin26-x1.25: []\"]","pending_config":"[]"},"target":"paper_trader"}
{"timestamp":"2026-10-07T20:10:05.179328Z","level":"INFO","fields":{"message":"shutdown complete","total_ticks":1552,"daily_pnl":"0.00","open_positions":0,"books":"[\"primary: pnl 0.00, open []\", \"shadow:vpin-0.26: pnl 0.00, open []\", \"shadow:stress-s15-core: pnl 0.00, open []\", \"shadow:thrust-1h15: pnl 0.00, open []\", \"shadow:size-vpin26-x1.25: pnl 0.00, open []\"]"},"target":"paper_trader"}
