{"timestamp":"2026-10-05T13:10:02.737511Z","level":"INFO","fields":{"message":"engine built","book":"shadow:stress-s15-core","ticker":"MSFT","config_version_id":16},"target":"data_feed::book"}
{"timestamp":"2026-10-05T13:10:02.737544Z","level":"INFO","fields":{"message":"engine built","book":"shadow:thrust-1h15","ticker":"AMZN","config_version_id":19},"target":"data_feed::book"}
{"timestamp":"2026-10-05T13:10:02.737562Z","level":"INFO","fields":{"message":"engine built","book":"shadow:thrust-1h15","ticker":"AAPL","config_version_id":19},"target":"data_feed::book"}
{"timestamp":"2026-10-05T13:10:02.737580Z","level":"INFO","fields":{"message":"engine built","book":"shadow:thrust-1h15","ticker":"NVDA","config_version_id":19},"target":"data_feed::book"}
{"timestamp":"2026-10-05T13:10:02.737599Z","level":"INFO","fields":{"message":"engine built","book":"shadow:thrust-1h15","ticker":"MSFT","config_version_id":19},"target":"data_feed::book"}
{"timestamp":"2026-10-05T13:10:02.737627Z","level":"INFO","fields":{"message":"engine built","book":"shadow:size-vpin26-x1.25","ticker":"AMZN","config_version_id":18},"target":"data_feed::book"}
{"timestamp":"2026-10-05T13:10:02.737646Z","level":"INFO","fields":{"message":"engine built","book":"shadow:size-vpin26-x1.25","ticker":"AAPL","config_version_id":18},"target":"data_feed::book"}
{"timestamp":"2026-10-05T13:10:02.737663Z","level":"INFO","fields":{"message":"engine built","book":"shadow:size-vpin26-x1.25","ticker":"NVDA","config_version_id":18},"target":"data_feed::book"}
{"timestamp":"2026-10-05T13:10:02.737681Z","level":"INFO","fields":{"message":"engine built","book":"shadow:size-vpin26-x1.25","ticker":"MSFT","config_version_id":18},"target":"data_feed::book"}
{"timestamp":"2026-10-05T13:31:00.059285Z","level":"INFO","fields":{"message":"book session recorded","book":"primary","session_date":"2026-10-05","config_version_id":12},"target":"data_feed::book"}
{"timestamp":"2026-10-05T13:31:00.061552Z","level":"INFO","fields":{"message":"book session recorded","book":"shadow:vpin-0.26","session_date":"2026-10-05","config_version_id":14},"target":"data_feed::book"}
{"timestamp":"2026-10-05T13:31:00.063710Z","level":"INFO","fields":{"message":"book session recorded","book":"shadow:stress-s15-core","session_date":"2026-10-05","config_version_id":16},"target":"data_feed::book"}
{"timestamp":"2026-10-05T13:31:00.065831Z","level":"INFO","fields":{"message":"book session recorded","book":"shadow:thrust-1h15","session_date":"2026-10-05","config_version_id":19},"target":"data_feed::book"}
{"timestamp":"2026-10-05T13:31:00.067932Z","level":"INFO","fields":{"message":"book session recorded","book":"shadow:size-vpin26-x1.25","session_date":"2026-10-05","config_version_id":18},"target":"data_feed::book"}
{"timestamp":"2026-10-05T13:45:00.240838Z","level":"INFO","fields":{"message":"status","ticks":60,"daily_pnl":"0.00","open_positions":"[\"primary: []\", \"shadow:vpin-0.26: []\", \"shadow:stress-s15-core: []\", \"shadow:thrust-1h15: []\", \"shadow:size-vpin26-x1.25: []\"]","pending_config":"[]"},"target":"paper_trader"}
{"timestamp":"2026-10-05T14:00:00.082970Z","level":"INFO","fields":{"message":"status","ticks":120,"daily_pnl":"0.00","open_positions":"[\"primary: []\", \"shadow:vpin-0.26: []\", \"shadow:stress-s15-core: []\", \"shadow:thrust-1h15: []\", \"shadow:size-vpin26-x1.25: []\"]","pending_config":"[]"},"target":"paper_trader"}
{"timestamp":"2026-10-05T14:15:00.252208Z","level":"INFO","fields":{"message":"status","ticks":180,"daily_pnl":"0.00","open_positions":"[\"primary: []\", \"shadow:vpin-0.26: []\", \"shadow:stress-s15-core: []\", \"shadow:thrust-1h15: []\", \"shadow:size-vpin26-x1.25: []\"]","pending_config":"[]"},"target":"paper_trader"}
{"timestamp":"2026-10-05T14:30:00.245027Z","level":"INFO","fields":{"message":"status","ticks":240,"daily_pnl":"0.00","open_positions":"[\"primary: []\", \"shadow:vpin-0.26: []\", \"shadow:stress-s15-core: []\", \"shadow:thrust-1h15: []\", \"shadow:size-vpin26-x1.25: []\"]","pending_config":"[]"},"target":"paper_trader"}
{"timestamp":"2026-10-05T14:45:00.100578Z","level":"INFO","fields":{"message":"status","ticks":300,"daily_pnl":"0.00","open_positions":"[\"primary: []\", \"shadow:vpin-0.26: []\", \"shadow:stress-s15-core: []\", \"shadow:thrust-1h15: []\", \"shadow:size-vpin26-x1.25: []\"]","pending_config":"[]"},"target":"paper_trader"}
{"timestamp":"2026-10-05T15:00:00.297430Z","level":"INFO","fields":{"message":"status","ticks":360,"daily_pnl":"0.00","open_positions":"[\"primary: []\", \"shadow:vpin-0.26: []\", \"shadow:stress-s15-core: []\", \"shadow:thrust-1h15: []\", \"shadow:size-vpin26-x1.25: []\"]","pending_config":"[]"},"target":"paper_trader"}
{"timestamp":"2026-10-05T15:15:00.266539Z","level":"INFO","fields":{"message":"status","ticks":420,"daily_pnl":"0.00","open_positions":"[\"primary: []\", \"shadow:vpin-0.26: []\", \"shadow:stress-s15-core: []\", \"shadow:thrust-1h15: []\", \"shadow:size-vpin26-x1.25: []\"]","pending_config":"[]"},"target":"paper_trader"}
{"timestamp":"2026-10-05T15:30:00.285011Z","level":"INFO","fields":{"message":"status","ticks":480,"daily_pnl":"0.00","open_positions":"[\"primary: []\", \"shadow:vpin-0.26: []\", \"shadow:stress-s15-core: []\", \"shadow:thrust-1h15: []\", \"shadow:size-vpin26-x1.25: []\"]","pending_config":"[]"},"target":"paper_trader"}
{"timestamp":"2026-10-05T15:45:00.238659Z","level":"INFO","fields":{"message":"status","ticks":540,"daily_pnl":"0.00","open_positions":"[\"primary: []\", \"shadow:vpin-0.26: []\", \"shadow:stress-s15-core: []\", \"shadow:thrust-1h15: []\", \"shadow:size-vpin26-x1.25: []\"]","pending_config":"[]"},"target":"paper_trader"}
{"timestamp":"2026-10-05T16:00:00.253928Z","level":"INFO","fields":{"message":"status","ticks":600,"daily_pnl":"0.00","open_positions":"[\"primary: []\", \"shadow:vpin-0.26: []\", \"shadow:stress-s15-core: []\", \"shadow:thrust-1h15: []\", \"shadow:size-vpin26-x1.25: []\"]","pending_config":"[]"},"target":"paper_trader"}
{"timestamp":"2026-10-05T16:15:00.253665Z","level":"INFO","fields":{"message":"status","ticks":660,"daily_pnl":"0.00","open_positions":"[\"primary: []\", \"shadow:vpin-0.26: []\", \"shadow:stress-s15-core: []\", \"shadow:thrust-1h15: []\", \"shadow:size-vpin26-x1.25: []\"]","pending_config":"[]"},"target":"paper_trader"}
{"timestamp":"2026-10-05T16:30:00.257901Z","level":"INFO","fields":{"message":"status","ticks":720,"daily_pnl":"0.00","open_positions":"[\"primary: []\", \"shadow:vpin-0.26: []\", \"shadow:stress-s15-core: []\", \"shadow:thrust-1h15: []\", \"shadow:size-vpin26-x1.25: []\"]","pending_config":"[]"},"target":"paper_trader"}
{"timestamp":"2026-10-05T16:45:00.247807Z","level":"INFO","fields":{"message":"status","ticks":780,"daily_pnl":"0.00","open_positions":"[\"primary: []\", \"shadow:vpin-0.26: []\", \"shadow:stress-s15-core: []\", \"shadow:thrust-1h15: []\", \"shadow:size-vpin26-x1.25: []\"]","pending_config":"[]"},"target":"paper_trader"}
{"timestamp":"2026-10-05T17:01:00.233842Z","level":"INFO","fields":{"message":"status","ticks":840,"daily_pnl":"0.00","open_positions":"[\"primary: []\", \"shadow:vpin-0.26: []\", \"shadow:stress-s15-core: []\", \"shadow:thrust-1h15: []\", \"shadow:size-vpin26-x1.25: []\"]","pending_config":"[]"},"target":"paper_trader"}
{"timestamp":"2026-10-05T17:16:00.249262Z","level":"INFO","fields":{"message":"status","ticks":900,"daily_pnl":"0.00","open_positions":"[\"primary: []\", \"shadow:vpin-0.26: []\", \"shadow:stress-s15-core: []\", \"shadow:thrust-1h15: []\", \"shadow:size-vpin26-x1.25: []\"]","pending_config":"[]"},"target":"paper_trader"}
{"timestamp":"2026-10-05T17:31:00.255964Z","level":"INFO","fields":{"message":"status","ticks":960,"daily_pnl":"0.00","open_positions":"[\"primary: []\", \"shadow:vpin-0.26: []\", \"shadow:stress-s15-core: []\", \"shadow:thrust-1h15: []\", \"shadow:size-vpin26-x1.25: []\"]","pending_config":"[]"},"target":"paper_trader"}
{"timestamp":"2026-10-05T17:46:00.058129Z","level":"INFO","fields":{"message":"status","ticks":1020,"daily_pnl":"0.00","open_positions":"[\"primary: []\", \"shadow:vpin-0.26: []\", \"shadow:stress-s15-core: []\", \"shadow:thrust-1h15: []\", \"shadow:size-vpin26-x1.25: []\"]","pending_config":"[]"},"target":"paper_trader"}
{"timestamp":"2026-10-05T18:01:00.250877Z","level":"INFO","fields":{"message":"status","ticks":1080,"daily_pnl":"0.00","open_positions":"[\"primary: []\", \"shadow:vpin-0.26: []\", \"shadow:stress-s15-core: []\", \"shadow:thrust-1h15: []\", \"shadow:size-vpin26-x1.25: []\"]","pending_config":"[]"},"target":"paper_trader"}
{"timestamp":"2026-10-05T18:16:00.062389Z","level":"INFO","fields":{"message":"status","ticks":1140,"daily_pnl":"0.00","open_positions":"[\"primary: []\", \"shadow:vpin-0.26: []\", \"shadow:stress-s15-core: []\", \"shadow:thrust-1h15: []\", \"shadow:size-vpin26-x1.25: []\"]","pending_config":"[]"},"target":"paper_trader"}
{"timestamp":"2026-10-05T18:31:00.255043Z","level":"INFO","fields":{"message":"status","ticks":1200,"daily_pnl":"0.00","open_positions":"[\"primary: []\", \"shadow:vpin-0.26: []\", \"shadow:stress-s15-core: []\", \"shadow:thrust-1h15: []\", \"shadow:size-vpin26-x1.25: []\"]","pending_config":"[]"},"target":"paper_trader"}
{"timestamp":"2026-10-05T18:46:00.240500Z","level":"INFO","fields":{"message":"status","ticks":1260,"daily_pnl":"0.00","open_positions":"[\"primary: []\", \"shadow:vpin-0.26: []\", \"shadow:stress-s15-core: []\", \"shadow:thrust-1h15: []\", \"shadow:size-vpin26-x1.25: []\"]","pending_config":"[]"},"target":"paper_trader"}
{"timestamp":"2026-10-05T19:01:00.060775Z","level":"INFO","fields":{"message":"status","ticks":1320,"daily_pnl":"0.00","open_positions":"[\"primary: []\", \"shadow:vpin-0.26: []\", \"shadow:stress-s15-core: []\", \"shadow:thrust-1h15: []\", \"shadow:size-vpin26-x1.25: []\"]","pending_config":"[]"},"target":"paper_trader"}
{"timestamp":"2026-10-05T19:16:00.248941Z","level":"INFO","fields":{"message":"status","ticks":1380,"daily_pnl":"0.00","open_positions":"[\"primary: []\", \"shadow:vpin-0.26: []\", \"shadow:stress-s15-core: []\", \"shadow:thrust-1h15: []\", \"shadow:size-vpin26-x1.25: []\"]","pending_config":"[]"},"target":"paper_trader"}
{"timestamp":"2026-10-05T19:31:00.257514Z","level":"INFO","fields":{"message":"status","ticks":1440,"daily_pnl":"0.00","open_positions":"[\"primary: []\", \"shadow:vpin-0.26: []\", \"shadow:stress-s15-core: []\", \"shadow:thrust-1h15: []\", \"shadow:size-vpin26-x1.25: []\"]","pending_config":"[]"},"target":"paper_trader"}
{"timestamp":"2026-10-05T19:46:00.262369Z","level":"INFO","fields":{"message":"status","ticks":1500,"daily_pnl":"0.00","open_positions":"[\"primary: []\", \"shadow:vpin-0.26: []\", \"shadow:stress-s15-core: []\", \"shadow:thrust-1h15: []\", \"shadow:size-vpin26-x1.25: []\"]","pending_config":"[]"},"target":"paper_trader"}
{"timestamp":"2026-10-05T20:10:03.171090Z","level":"INFO","fields":{"message":"shutdown complete","total_ticks":1555,"daily_pnl":"0.00","open_positions":0,"books":"[\"primary: pnl 0.00, open []\", \"shadow:vpin-0.26: pnl 0.00, open []\", \"shadow:stress-s15-core: pnl 0.00, open []\", \"shadow:thrust-1h15: pnl 0.00, open []\", \"shadow:size-vpin26-x1.25: pnl 0.00, open []\"]"},"target":"paper_trader"}
