replay_book: primary 2026-10-08 config=promoted:12 tickers=config capital=10000 -> data/live/2026-10-08/replay_primary.csv
replay_book: ./target/release/backtest --date 2026-10-08 --lookback-days 8 --capital 10000 --slippage-bps 3.0 --half-spread 0.005 --output-trades-csv --bars-dir data/bars_iex --cross-index SPY --cross-lag 1
replay_book: primary 2026-10-08: 0 trades
replay_book: shadow:size-vpin26-x1.25 2026-10-08 config=18 tickers=config capital=10000 -> data/live/2026-10-08/replay_shadow:size-vpin26-x1.25.csv
replay_book: ./target/release/backtest --date 2026-10-08 --lookback-days 8 --capital 10000 --slippage-bps 3.0 --half-spread 0.005 --output-trades-csv --bars-dir data/bars_iex --cross-index SPY --cross-lag 1 --config-id 18
replay_book: shadow:size-vpin26-x1.25 2026-10-08: 0 trades
replay_book: shadow:spy-sqrt-band 2026-10-08 config=20 tickers=config capital=10000 -> data/live/2026-10-08/replay_shadow:spy-sqrt-band.csv
replay_book: ./target/release/backtest --date 2026-10-08 --lookback-days 8 --capital 10000 --slippage-bps 3.0 --half-spread 0.005 --output-trades-csv --bars-dir data/bars_iex --cross-index SPY --cross-lag 1 --config-id 20
replay_book: shadow:spy-sqrt-band 2026-10-08: 0 trades
replay_book: shadow:spy-sqrt-band-1h15 2026-10-08 config=21 tickers=config capital=10000 -> data/live/2026-10-08/replay_shadow:spy-sqrt-band-1h15.csv
replay_book: ./target/release/backtest --date 2026-10-08 --lookback-days 8 --capital 10000 --slippage-bps 3.0 --half-spread 0.005 --output-trades-csv --bars-dir data/bars_iex --cross-index SPY --cross-lag 1 --config-id 21
replay_book: shadow:spy-sqrt-band-1h15 2026-10-08: 0 trades
replay_book: shadow:stress-s15-core 2026-10-08 config=16 tickers=config capital=10000 -> data/live/2026-10-08/replay_shadow:stress-s15-core.csv
replay_book: ./target/release/backtest --date 2026-10-08 --lookback-days 8 --capital 10000 --slippage-bps 3.0 --half-spread 0.005 --output-trades-csv --bars-dir data/bars_iex --cross-index SPY --cross-lag 1 --config-id 16
replay_book: shadow:stress-s15-core 2026-10-08: 0 trades
replay_book: shadow:thrust-1h15 2026-10-08 config=19 tickers=config capital=10000 -> data/live/2026-10-08/replay_shadow:thrust-1h15.csv
replay_book: ./target/release/backtest --date 2026-10-08 --lookback-days 8 --capital 10000 --slippage-bps 3.0 --half-spread 0.005 --output-trades-csv --bars-dir data/bars_iex --cross-index SPY --cross-lag 1 --config-id 19
replay_book: shadow:thrust-1h15 2026-10-08: 0 trades
replay_book: shadow:vpin-0.26 2026-10-08 config=14 tickers=config capital=10000 -> data/live/2026-10-08/replay_shadow:vpin-0.26.csv
replay_book: ./target/release/backtest --date 2026-10-08 --lookback-days 8 --capital 10000 --slippage-bps 3.0 --half-spread 0.005 --output-trades-csv --bars-dir data/bars_iex --cross-index SPY --cross-lag 1 --config-id 14
replay_book: shadow:vpin-0.26 2026-10-08: 0 trades
