Starting galactic trading firm — paper trader (alpaca paper account)...
2026-09-28 06:10:04.232220315 -0700 PDT m=+0.049751061 container exec dba30734dde0d90add5cab604f0a489c03ec0ea109ab2df1c5d4de0036f418b9 (image=docker.io/library/postgres:16, name=galactic_trading_firm-postgres-1, com.docker.compose.config-hash=2fb7b7d17eef537354707a4935d5f45415ebf3ab322016b3bc2a5863423b4de6, com.docker.compose.container-number=1, com.docker.compose.project.config_files=/home/dylmet/Projects/galactic_trading_firm/docker-compose.yml, com.docker.compose.oneoff=False, com.docker.compose.project=galactic_trading_firm, com.docker.compose.project.working_dir=/home/dylmet/Projects/galactic_trading_firm, com.docker.compose.service=postgres, com.docker.compose.version=5.5.0, com.docker.compose.depends_on=, com.docker.compose.image=sha256:80f4c7a5e91618546dce5b4fe60cf03b14c0f9efa7e40157278d122772ced8d2)
2026-09-28 06:10:04.250692884 -0700 PDT m=+0.068223600 container exec_died dba30734dde0d90add5cab604f0a489c03ec0ea109ab2df1c5d4de0036f418b9 (image=docker.io/library/postgres:16, name=galactic_trading_firm-postgres-1, com.docker.compose.container-number=1, com.docker.compose.depends_on=, com.docker.compose.image=sha256:80f4c7a5e91618546dce5b4fe60cf03b14c0f9efa7e40157278d122772ced8d2, com.docker.compose.oneoff=False, com.docker.compose.project=galactic_trading_firm, com.docker.compose.project.working_dir=/home/dylmet/Projects/galactic_trading_firm, com.docker.compose.version=5.5.0, com.docker.compose.config-hash=2fb7b7d17eef537354707a4935d5f45415ebf3ab322016b3bc2a5863423b4de6, com.docker.compose.project.config_files=/home/dylmet/Projects/galactic_trading_firm/docker-compose.yml, execID=ccb198cbd66b1c91d3fed07e3f696c9f166077015cce2fbe84f28cc48815cc5a, com.docker.compose.service=postgres)
{"timestamp":"2026-09-28T13:10:04.333023Z","level":"INFO","fields":{"message":"galactic trading firm — paper trading engine starting","mode":"Live"},"target":"paper_trader"}
{"timestamp":"2026-09-28T13:10:04.342994Z","level":"INFO","fields":{"message":"loaded promoted config","config_version_id":12,"blob_config_id":18,"indicators":17,"actions":14,"tickers":"[\"AMZN\", \"AAPL\", \"NVDA\", \"MSFT\"]","force_exit_by":"11:55","no_new_entries_after":"11:30","avoid_first_minutes":0,"max_position_pct":"Some(0.3)"},"target":"paper_trader"}
{"timestamp":"2026-09-28T13:10:04.343005Z","level":"WARN","fields":{"message":"config blob's config_id differs from its row id — using the row id for attribution","row_id":12,"blob_config_id":18},"target":"paper_trader"}
{"timestamp":"2026-09-28T13:10:04.343031Z","level":"INFO","fields":{"message":"book","book":"primary","role":"primary","config_version_id":12,"follows_promoted":true,"tickers":"[\"AMZN\", \"AAPL\", \"NVDA\", \"MSFT\"]","capital":"None","purpose":"live book: latest promoted config on the real paper broker"},"target":"paper_trader"}
{"timestamp":"2026-09-28T13:10:04.725393Z","level":"INFO","fields":{"message":"capital = min(configured, alpaca equity)","equity":99988.76,"configured":10000.0,"capital":10000.0},"target":"data_feed::account"}
{"timestamp":"2026-09-28T13:10:04.733166Z","level":"INFO","fields":{"message":"engine built","book":"primary","ticker":"AMZN","config_version_id":12},"target":"data_feed::book"}
{"timestamp":"2026-09-28T13:10:04.733190Z","level":"INFO","fields":{"message":"engine built","book":"primary","ticker":"AAPL","config_version_id":12},"target":"data_feed::book"}
{"timestamp":"2026-09-28T13:10:04.733209Z","level":"INFO","fields":{"message":"engine built","book":"primary","ticker":"NVDA","config_version_id":12},"target":"data_feed::book"}
{"timestamp":"2026-09-28T13:10:04.733228Z","level":"INFO","fields":{"message":"engine built","book":"primary","ticker":"MSFT","config_version_id":12},"target":"data_feed::book"}
{"timestamp":"2026-09-28T13:31:00.409548Z","level":"INFO","fields":{"message":"book session recorded","book":"primary","session_date":"2026-09-28","config_version_id":12},"target":"data_feed::book"}
{"timestamp":"2026-09-28T13:45:00.384805Z","level":"INFO","fields":{"message":"status","ticks":60,"daily_pnl":"0.00","open_positions":"[\"primary: []\"]","pending_config":"[]"},"target":"paper_trader"}
{"timestamp":"2026-09-28T14:00:00.443479Z","level":"INFO","fields":{"message":"status","ticks":120,"daily_pnl":"0.00","open_positions":"[\"primary: []\"]","pending_config":"[]"},"target":"paper_trader"}
{"timestamp":"2026-09-28T14:15:00.289294Z","level":"INFO","fields":{"message":"status","ticks":180,"daily_pnl":"0.00","open_positions":"[\"primary: []\"]","pending_config":"[]"},"target":"paper_trader"}
{"timestamp":"2026-09-28T14:31:00.272090Z","level":"INFO","fields":{"message":"status","ticks":240,"daily_pnl":"0.00","open_positions":"[\"primary: []\"]","pending_config":"[]"},"target":"paper_trader"}
{"timestamp":"2026-09-28T14:46:00.293882Z","level":"INFO","fields":{"message":"status","ticks":300,"daily_pnl":"0.00","open_positions":"[\"primary: []\"]","pending_config":"[]"},"target":"paper_trader"}
{"timestamp":"2026-09-28T15:01:00.059473Z","level":"INFO","fields":{"message":"status","ticks":360,"daily_pnl":"0.00","open_positions":"[\"primary: []\"]","pending_config":"[]"},"target":"paper_trader"}
{"timestamp":"2026-09-28T15:16:00.056510Z","level":"INFO","fields":{"message":"status","ticks":420,"daily_pnl":"0.00","open_positions":"[\"primary: []\"]","pending_config":"[]"},"target":"paper_trader"}
{"timestamp":"2026-09-28T15:31:00.059929Z","level":"INFO","fields":{"message":"status","ticks":480,"daily_pnl":"0.00","open_positions":"[\"primary: []\"]","pending_config":"[]"},"target":"paper_trader"}
{"timestamp":"2026-09-28T15:46:00.268449Z","level":"INFO","fields":{"message":"status","ticks":540,"daily_pnl":"0.00","open_positions":"[\"primary: []\"]","pending_config":"[]"},"target":"paper_trader"}
{"timestamp":"2026-09-28T16:01:00.294572Z","level":"INFO","fields":{"message":"status","ticks":600,"daily_pnl":"0.00","open_positions":"[\"primary: []\"]","pending_config":"[]"},"target":"paper_trader"}
{"timestamp":"2026-09-28T16:16:00.300951Z","level":"INFO","fields":{"message":"status","ticks":660,"daily_pnl":"0.00","open_positions":"[\"primary: []\"]","pending_config":"[]"},"target":"paper_trader"}
{"timestamp":"2026-09-28T16:31:00.255205Z","level":"INFO","fields":{"message":"status","ticks":720,"daily_pnl":"0.00","open_positions":"[\"primary: []\"]","pending_config":"[]"},"target":"paper_trader"}
{"timestamp":"2026-09-28T16:46:00.280450Z","level":"INFO","fields":{"message":"status","ticks":780,"daily_pnl":"0.00","open_positions":"[\"primary: []\"]","pending_config":"[]"},"target":"paper_trader"}
{"timestamp":"2026-09-28T17:01:00.304181Z","level":"INFO","fields":{"message":"status","ticks":840,"daily_pnl":"0.00","open_positions":"[\"primary: []\"]","pending_config":"[]"},"target":"paper_trader"}
{"timestamp":"2026-09-28T17:16:00.289880Z","level":"INFO","fields":{"message":"status","ticks":900,"daily_pnl":"0.00","open_positions":"[\"primary: []\"]","pending_config":"[]"},"target":"paper_trader"}
{"timestamp":"2026-09-28T17:31:00.270749Z","level":"INFO","fields":{"message":"status","ticks":960,"daily_pnl":"0.00","open_positions":"[\"primary: []\"]","pending_config":"[]"},"target":"paper_trader"}
{"timestamp":"2026-09-28T17:46:00.278332Z","level":"INFO","fields":{"message":"status","ticks":1020,"daily_pnl":"0.00","open_positions":"[\"primary: []\"]","pending_config":"[]"},"target":"paper_trader"}
{"timestamp":"2026-09-28T18:01:00.297212Z","level":"INFO","fields":{"message":"status","ticks":1080,"daily_pnl":"0.00","open_positions":"[\"primary: []\"]","pending_config":"[]"},"target":"paper_trader"}
{"timestamp":"2026-09-28T18:16:00.062504Z","level":"INFO","fields":{"message":"status","ticks":1140,"daily_pnl":"0.00","open_positions":"[\"primary: []\"]","pending_config":"[]"},"target":"paper_trader"}
{"timestamp":"2026-09-28T18:31:00.313021Z","level":"INFO","fields":{"message":"status","ticks":1200,"daily_pnl":"0.00","open_positions":"[\"primary: []\"]","pending_config":"[]"},"target":"paper_trader"}
{"timestamp":"2026-09-28T18:46:00.301065Z","level":"INFO","fields":{"message":"status","ticks":1260,"daily_pnl":"0.00","open_positions":"[\"primary: []\"]","pending_config":"[]"},"target":"paper_trader"}
{"timestamp":"2026-09-28T19:01:00.287247Z","level":"INFO","fields":{"message":"status","ticks":1320,"daily_pnl":"0.00","open_positions":"[\"primary: []\"]","pending_config":"[]"},"target":"paper_trader"}
{"timestamp":"2026-09-28T19:16:00.068620Z","level":"INFO","fields":{"message":"status","ticks":1380,"daily_pnl":"0.00","open_positions":"[\"primary: []\"]","pending_config":"[]"},"target":"paper_trader"}
{"timestamp":"2026-09-28T19:31:00.318759Z","level":"INFO","fields":{"message":"status","ticks":1440,"daily_pnl":"0.00","open_positions":"[\"primary: []\"]","pending_config":"[]"},"target":"paper_trader"}
{"timestamp":"2026-09-28T19:46:00.318191Z","level":"INFO","fields":{"message":"status","ticks":1500,"daily_pnl":"0.00","open_positions":"[\"primary: []\"]","pending_config":"[]"},"target":"paper_trader"}
{"timestamp":"2026-09-28T20:10:01.173892Z","level":"INFO","fields":{"message":"shutdown complete","total_ticks":1556,"daily_pnl":"0.00","open_positions":0,"books":"[\"primary: pnl 0.00, open []\"]"},"target":"paper_trader"}
