{"timestamp":"2026-09-30T13:10:04.737489Z","level":"INFO","fields":{"message":"engine built","book":"primary","ticker":"MSFT","config_version_id":12},"target":"data_feed::book"}
{"timestamp":"2026-09-30T13:10:04.737526Z","level":"INFO","fields":{"message":"engine built","book":"shadow:vpin-0.26","ticker":"AMZN","config_version_id":14},"target":"data_feed::book"}
{"timestamp":"2026-09-30T13:10:04.737552Z","level":"INFO","fields":{"message":"engine built","book":"shadow:vpin-0.26","ticker":"AAPL","config_version_id":14},"target":"data_feed::book"}
{"timestamp":"2026-09-30T13:10:04.737576Z","level":"INFO","fields":{"message":"engine built","book":"shadow:vpin-0.26","ticker":"NVDA","config_version_id":14},"target":"data_feed::book"}
{"timestamp":"2026-09-30T13:10:04.737599Z","level":"INFO","fields":{"message":"engine built","book":"shadow:vpin-0.26","ticker":"MSFT","config_version_id":14},"target":"data_feed::book"}
{"timestamp":"2026-09-30T13:10:04.737641Z","level":"INFO","fields":{"message":"engine built","book":"shadow:stress-s15-core","ticker":"AMZN","config_version_id":16},"target":"data_feed::book"}
{"timestamp":"2026-09-30T13:10:04.737666Z","level":"INFO","fields":{"message":"engine built","book":"shadow:stress-s15-core","ticker":"AAPL","config_version_id":16},"target":"data_feed::book"}
{"timestamp":"2026-09-30T13:10:04.737689Z","level":"INFO","fields":{"message":"engine built","book":"shadow:stress-s15-core","ticker":"NVDA","config_version_id":16},"target":"data_feed::book"}
{"timestamp":"2026-09-30T13:10:04.737713Z","level":"INFO","fields":{"message":"engine built","book":"shadow:stress-s15-core","ticker":"MSFT","config_version_id":16},"target":"data_feed::book"}
{"timestamp":"2026-09-30T13:31:00.341802Z","level":"INFO","fields":{"message":"book session recorded","book":"primary","session_date":"2026-09-30","config_version_id":12},"target":"data_feed::book"}
{"timestamp":"2026-09-30T13:31:00.346046Z","level":"INFO","fields":{"message":"book session recorded","book":"shadow:vpin-0.26","session_date":"2026-09-30","config_version_id":14},"target":"data_feed::book"}
{"timestamp":"2026-09-30T13:31:00.349642Z","level":"INFO","fields":{"message":"book session recorded","book":"shadow:stress-s15-core","session_date":"2026-09-30","config_version_id":16},"target":"data_feed::book"}
{"timestamp":"2026-09-30T13:45:00.349128Z","level":"INFO","fields":{"message":"status","ticks":60,"daily_pnl":"0.00","open_positions":"[\"primary: []\", \"shadow:vpin-0.26: []\", \"shadow:stress-s15-core: []\"]","pending_config":"[]"},"target":"paper_trader"}
{"timestamp":"2026-09-30T14:00:00.502878Z","level":"INFO","fields":{"message":"status","ticks":120,"daily_pnl":"0.00","open_positions":"[\"primary: []\", \"shadow:vpin-0.26: []\", \"shadow:stress-s15-core: []\"]","pending_config":"[]"},"target":"paper_trader"}
{"timestamp":"2026-09-30T14:15:00.278220Z","level":"INFO","fields":{"message":"status","ticks":180,"daily_pnl":"0.00","open_positions":"[\"primary: []\", \"shadow:vpin-0.26: []\", \"shadow:stress-s15-core: []\"]","pending_config":"[]"},"target":"paper_trader"}
{"timestamp":"2026-09-30T14:30:00.274379Z","level":"INFO","fields":{"message":"status","ticks":240,"daily_pnl":"0.00","open_positions":"[\"primary: []\", \"shadow:vpin-0.26: []\", \"shadow:stress-s15-core: []\"]","pending_config":"[]"},"target":"paper_trader"}
{"timestamp":"2026-09-30T14:45:00.258311Z","level":"INFO","fields":{"message":"status","ticks":300,"daily_pnl":"0.00","open_positions":"[\"primary: []\", \"shadow:vpin-0.26: []\", \"shadow:stress-s15-core: []\"]","pending_config":"[]"},"target":"paper_trader"}
{"timestamp":"2026-09-30T15:00:00.366697Z","level":"INFO","fields":{"message":"status","ticks":360,"daily_pnl":"0.00","open_positions":"[\"primary: []\", \"shadow:vpin-0.26: []\", \"shadow:stress-s15-core: []\"]","pending_config":"[]"},"target":"paper_trader"}
{"timestamp":"2026-09-30T15:15:00.296726Z","level":"INFO","fields":{"message":"status","ticks":420,"daily_pnl":"0.00","open_positions":"[\"primary: []\", \"shadow:vpin-0.26: []\", \"shadow:stress-s15-core: []\"]","pending_config":"[]"},"target":"paper_trader"}
{"timestamp":"2026-09-30T15:30:00.558307Z","level":"INFO","fields":{"message":"status","ticks":480,"daily_pnl":"0.00","open_positions":"[\"primary: []\", \"shadow:vpin-0.26: []\", \"shadow:stress-s15-core: []\"]","pending_config":"[]"},"target":"paper_trader"}
{"timestamp":"2026-09-30T15:45:00.298668Z","level":"INFO","fields":{"message":"status","ticks":540,"daily_pnl":"0.00","open_positions":"[\"primary: []\", \"shadow:vpin-0.26: []\", \"shadow:stress-s15-core: []\"]","pending_config":"[]"},"target":"paper_trader"}
{"timestamp":"2026-09-30T15:59:31.213134Z","level":"ERROR","fields":{"message":"stream transport error","error":"Io(Os { code: 104, kind: ConnectionReset, message: \"Connection reset by peer\" })"},"target":"data_feed::alpaca_feed"}
{"timestamp":"2026-09-30T15:59:31.218511Z","level":"WARN","fields":{"message":"stream disconnected, reconnecting","error":"stream error: Io(Os { code: 104, kind: ConnectionReset, message: \"Connection reset by peer\" })","backoff_ms":1000},"target":"data_feed::alpaca_feed"}
{"timestamp":"2026-09-30T16:01:00.278571Z","level":"INFO","fields":{"message":"status","ticks":600,"daily_pnl":"0.00","open_positions":"[\"primary: []\", \"shadow:vpin-0.26: []\", \"shadow:stress-s15-core: []\"]","pending_config":"[]"},"target":"paper_trader"}
{"timestamp":"2026-09-30T16:16:00.265544Z","level":"INFO","fields":{"message":"status","ticks":660,"daily_pnl":"0.00","open_positions":"[\"primary: []\", \"shadow:vpin-0.26: []\", \"shadow:stress-s15-core: []\"]","pending_config":"[]"},"target":"paper_trader"}
{"timestamp":"2026-09-30T16:31:00.290378Z","level":"INFO","fields":{"message":"status","ticks":720,"daily_pnl":"0.00","open_positions":"[\"primary: []\", \"shadow:vpin-0.26: []\", \"shadow:stress-s15-core: []\"]","pending_config":"[]"},"target":"paper_trader"}
{"timestamp":"2026-09-30T16:46:00.286911Z","level":"INFO","fields":{"message":"status","ticks":780,"daily_pnl":"0.00","open_positions":"[\"primary: []\", \"shadow:vpin-0.26: []\", \"shadow:stress-s15-core: []\"]","pending_config":"[]"},"target":"paper_trader"}
{"timestamp":"2026-09-30T17:02:00.267938Z","level":"INFO","fields":{"message":"status","ticks":840,"daily_pnl":"0.00","open_positions":"[\"primary: []\", \"shadow:vpin-0.26: []\", \"shadow:stress-s15-core: []\"]","pending_config":"[]"},"target":"paper_trader"}
{"timestamp":"2026-09-30T17:17:00.283275Z","level":"INFO","fields":{"message":"status","ticks":900,"daily_pnl":"0.00","open_positions":"[\"primary: []\", \"shadow:vpin-0.26: []\", \"shadow:stress-s15-core: []\"]","pending_config":"[]"},"target":"paper_trader"}
{"timestamp":"2026-09-30T17:32:00.254762Z","level":"INFO","fields":{"message":"status","ticks":960,"daily_pnl":"0.00","open_positions":"[\"primary: []\", \"shadow:vpin-0.26: []\", \"shadow:stress-s15-core: []\"]","pending_config":"[]"},"target":"paper_trader"}
{"timestamp":"2026-09-30T17:47:00.277826Z","level":"INFO","fields":{"message":"status","ticks":1020,"daily_pnl":"0.00","open_positions":"[\"primary: []\", \"shadow:vpin-0.26: []\", \"shadow:stress-s15-core: []\"]","pending_config":"[]"},"target":"paper_trader"}
{"timestamp":"2026-09-30T18:02:00.046947Z","level":"INFO","fields":{"message":"status","ticks":1080,"daily_pnl":"0.00","open_positions":"[\"primary: []\", \"shadow:vpin-0.26: []\", \"shadow:stress-s15-core: []\"]","pending_config":"[]"},"target":"paper_trader"}
{"timestamp":"2026-09-30T18:17:00.273981Z","level":"INFO","fields":{"message":"status","ticks":1140,"daily_pnl":"0.00","open_positions":"[\"primary: []\", \"shadow:vpin-0.26: []\", \"shadow:stress-s15-core: []\"]","pending_config":"[]"},"target":"paper_trader"}
{"timestamp":"2026-09-30T18:32:00.257676Z","level":"INFO","fields":{"message":"status","ticks":1200,"daily_pnl":"0.00","open_positions":"[\"primary: []\", \"shadow:vpin-0.26: []\", \"shadow:stress-s15-core: []\"]","pending_config":"[]"},"target":"paper_trader"}
{"timestamp":"2026-09-30T18:47:00.279894Z","level":"INFO","fields":{"message":"status","ticks":1260,"daily_pnl":"0.00","open_positions":"[\"primary: []\", \"shadow:vpin-0.26: []\", \"shadow:stress-s15-core: []\"]","pending_config":"[]"},"target":"paper_trader"}
{"timestamp":"2026-09-30T19:02:00.316818Z","level":"INFO","fields":{"message":"status","ticks":1320,"daily_pnl":"0.00","open_positions":"[\"primary: []\", \"shadow:vpin-0.26: []\", \"shadow:stress-s15-core: []\"]","pending_config":"[]"},"target":"paper_trader"}
{"timestamp":"2026-09-30T19:17:00.294287Z","level":"INFO","fields":{"message":"status","ticks":1380,"daily_pnl":"0.00","open_positions":"[\"primary: []\", \"shadow:vpin-0.26: []\", \"shadow:stress-s15-core: []\"]","pending_config":"[]"},"target":"paper_trader"}
{"timestamp":"2026-09-30T19:32:00.336781Z","level":"INFO","fields":{"message":"status","ticks":1440,"daily_pnl":"0.00","open_positions":"[\"primary: []\", \"shadow:vpin-0.26: []\", \"shadow:stress-s15-core: []\"]","pending_config":"[]"},"target":"paper_trader"}
{"timestamp":"2026-09-30T19:47:00.299861Z","level":"INFO","fields":{"message":"status","ticks":1500,"daily_pnl":"0.00","open_positions":"[\"primary: []\", \"shadow:vpin-0.26: []\", \"shadow:stress-s15-core: []\"]","pending_config":"[]"},"target":"paper_trader"}
{"timestamp":"2026-09-30T20:10:01.176408Z","level":"INFO","fields":{"message":"shutdown complete","total_ticks":1549,"daily_pnl":"0.00","open_positions":0,"books":"[\"primary: pnl 0.00, open []\", \"shadow:vpin-0.26: pnl 0.00, open []\", \"shadow:stress-s15-core: pnl 0.00, open []\"]"},"target":"paper_trader"}
