Starting galactic trading firm — paper trader (alpaca paper account)...
2026-09-24 06:10:00.229962026 -0700 PDT m=+0.054332710 container exec dba30734dde0d90add5cab604f0a489c03ec0ea109ab2df1c5d4de0036f418b9 (image=docker.io/library/postgres:16, name=galactic_trading_firm-postgres-1, com.docker.compose.container-number=1, com.docker.compose.oneoff=False, com.docker.compose.project=galactic_trading_firm, com.docker.compose.project.working_dir=/home/dylmet/Projects/galactic_trading_firm, com.docker.compose.depends_on=, com.docker.compose.config-hash=2fb7b7d17eef537354707a4935d5f45415ebf3ab322016b3bc2a5863423b4de6, com.docker.compose.project.config_files=/home/dylmet/Projects/galactic_trading_firm/docker-compose.yml, com.docker.compose.image=sha256:80f4c7a5e91618546dce5b4fe60cf03b14c0f9efa7e40157278d122772ced8d2, com.docker.compose.service=postgres, com.docker.compose.version=5.5.0)
2026-09-24 06:10:00.248490106 -0700 PDT m=+0.072860790 container exec_died dba30734dde0d90add5cab604f0a489c03ec0ea109ab2df1c5d4de0036f418b9 (image=docker.io/library/postgres:16, name=galactic_trading_firm-postgres-1, com.docker.compose.project.config_files=/home/dylmet/Projects/galactic_trading_firm/docker-compose.yml, com.docker.compose.project.working_dir=/home/dylmet/Projects/galactic_trading_firm, com.docker.compose.depends_on=, com.docker.compose.service=postgres, com.docker.compose.version=5.5.0, execID=38d5a9318cd9a80d04e4f9fc00759f8f480b1c020e2aa5c26aa99cf2fdcff3a8, com.docker.compose.config-hash=2fb7b7d17eef537354707a4935d5f45415ebf3ab322016b3bc2a5863423b4de6, com.docker.compose.container-number=1, com.docker.compose.project=galactic_trading_firm, com.docker.compose.image=sha256:80f4c7a5e91618546dce5b4fe60cf03b14c0f9efa7e40157278d122772ced8d2, com.docker.compose.oneoff=False)
{"timestamp":"2026-09-24T13:10:00.313392Z","level":"INFO","fields":{"message":"galactic trading firm — paper trading engine starting"},"target":"paper_trader"}
{"timestamp":"2026-09-24T13:10:00.318769Z","level":"INFO","fields":{"message":"loaded promoted config","config_version_id":12,"blob_config_id":18,"indicators":17,"actions":14,"tickers":"[\"AMZN\", \"AAPL\", \"NVDA\", \"MSFT\"]","force_exit_by":"11:55","no_new_entries_after":"11:30","avoid_first_minutes":0,"max_position_pct":"Some(0.3)"},"target":"paper_trader"}
{"timestamp":"2026-09-24T13:10:00.318780Z","level":"WARN","fields":{"message":"config blob's config_id differs from its row id — using the row id for attribution","row_id":12,"blob_config_id":18},"target":"paper_trader"}
{"timestamp":"2026-09-24T13:10:00.679789Z","level":"INFO","fields":{"message":"capital = min(configured, alpaca equity)","equity":99990.47,"configured":10000.0,"capital":10000.0},"target":"data_feed::account"}
{"timestamp":"2026-09-24T13:45:00.249396Z","level":"INFO","fields":{"message":"status","ticks":60,"daily_pnl":"0.00","open_positions":"[\"AMZN\", \"MSFT\", \"NVDA\"]","pending_config":"None"},"target":"paper_trader"}
{"timestamp":"2026-09-24T14:00:00.068737Z","level":"INFO","fields":{"message":"status","ticks":120,"daily_pnl":"0.00","open_positions":"[\"AMZN\", \"MSFT\", \"NVDA\"]","pending_config":"None"},"target":"paper_trader"}
{"timestamp":"2026-09-24T14:15:00.263628Z","level":"INFO","fields":{"message":"status","ticks":180,"daily_pnl":"0.00","open_positions":"[\"AMZN\", \"MSFT\", \"NVDA\"]","pending_config":"None"},"target":"paper_trader"}
{"timestamp":"2026-09-24T14:17:01.931606Z","level":"INFO","fields":{"message":"trade completed","ticker":"NVDA","pnl":"-1.17","pnl_pct":"-0.04%","exit_reason":"MaxHoldTimeout","entry_reason":"window:5m thrust short","hold_ms":2460000,"config_version":12},"target":"paper_trader"}
{"timestamp":"2026-09-24T14:20:03.374456Z","level":"INFO","fields":{"message":"trade completed","ticker":"MSFT","pnl":"-1.35","pnl_pct":"-0.05%","exit_reason":"MaxHoldTimeout","entry_reason":"window:5m thrust short","hold_ms":2640000,"config_version":12},"target":"paper_trader"}
{"timestamp":"2026-09-24T14:26:01.602058Z","level":"INFO","fields":{"message":"trade completed","ticker":"AMZN","pnl":"-0.96","pnl_pct":"-0.03%","exit_reason":"MaxHoldTimeout","entry_reason":"window:5m thrust short","hold_ms":2700000,"config_version":12},"target":"paper_trader"}
{"timestamp":"2026-09-24T14:30:00.277532Z","level":"INFO","fields":{"message":"status","ticks":240,"daily_pnl":"-3.48","open_positions":"[]","pending_config":"None"},"target":"paper_trader"}
{"timestamp":"2026-09-24T14:45:00.275251Z","level":"INFO","fields":{"message":"status","ticks":300,"daily_pnl":"-3.48","open_positions":"[]","pending_config":"None"},"target":"paper_trader"}
{"timestamp":"2026-09-24T15:00:00.280314Z","level":"INFO","fields":{"message":"status","ticks":360,"daily_pnl":"-3.48","open_positions":"[]","pending_config":"None"},"target":"paper_trader"}
{"timestamp":"2026-09-24T15:15:00.273183Z","level":"INFO","fields":{"message":"status","ticks":420,"daily_pnl":"-3.48","open_positions":"[]","pending_config":"None"},"target":"paper_trader"}
{"timestamp":"2026-09-24T15:30:00.272526Z","level":"INFO","fields":{"message":"status","ticks":480,"daily_pnl":"-3.48","open_positions":"[]","pending_config":"None"},"target":"paper_trader"}
{"timestamp":"2026-09-24T15:45:00.263270Z","level":"INFO","fields":{"message":"status","ticks":540,"daily_pnl":"-3.48","open_positions":"[]","pending_config":"None"},"target":"paper_trader"}
{"timestamp":"2026-09-24T16:00:00.285380Z","level":"INFO","fields":{"message":"status","ticks":600,"daily_pnl":"-3.48","open_positions":"[]","pending_config":"None"},"target":"paper_trader"}
{"timestamp":"2026-09-24T16:15:00.684774Z","level":"INFO","fields":{"message":"status","ticks":660,"daily_pnl":"-3.48","open_positions":"[]","pending_config":"None"},"target":"paper_trader"}
{"timestamp":"2026-09-24T16:30:00.074264Z","level":"INFO","fields":{"message":"status","ticks":720,"daily_pnl":"-3.48","open_positions":"[]","pending_config":"None"},"target":"paper_trader"}
{"timestamp":"2026-09-24T16:45:00.272538Z","level":"INFO","fields":{"message":"status","ticks":780,"daily_pnl":"-3.48","open_positions":"[]","pending_config":"None"},"target":"paper_trader"}
{"timestamp":"2026-09-24T17:00:00.364313Z","level":"INFO","fields":{"message":"status","ticks":840,"daily_pnl":"-3.48","open_positions":"[]","pending_config":"None"},"target":"paper_trader"}
{"timestamp":"2026-09-24T17:15:00.280861Z","level":"INFO","fields":{"message":"status","ticks":900,"daily_pnl":"-3.48","open_positions":"[]","pending_config":"None"},"target":"paper_trader"}
{"timestamp":"2026-09-24T17:31:00.273832Z","level":"INFO","fields":{"message":"status","ticks":960,"daily_pnl":"-3.48","open_positions":"[]","pending_config":"None"},"target":"paper_trader"}
{"timestamp":"2026-09-24T17:46:00.237986Z","level":"INFO","fields":{"message":"status","ticks":1020,"daily_pnl":"-3.48","open_positions":"[]","pending_config":"None"},"target":"paper_trader"}
{"timestamp":"2026-09-24T18:01:00.265720Z","level":"INFO","fields":{"message":"status","ticks":1080,"daily_pnl":"-3.48","open_positions":"[]","pending_config":"None"},"target":"paper_trader"}
{"timestamp":"2026-09-24T18:16:00.252811Z","level":"INFO","fields":{"message":"status","ticks":1140,"daily_pnl":"-3.48","open_positions":"[]","pending_config":"None"},"target":"paper_trader"}
{"timestamp":"2026-09-24T18:31:00.280317Z","level":"INFO","fields":{"message":"status","ticks":1200,"daily_pnl":"-3.48","open_positions":"[]","pending_config":"None"},"target":"paper_trader"}
{"timestamp":"2026-09-24T18:46:00.289900Z","level":"INFO","fields":{"message":"status","ticks":1260,"daily_pnl":"-3.48","open_positions":"[]","pending_config":"None"},"target":"paper_trader"}
{"timestamp":"2026-09-24T19:01:00.259442Z","level":"INFO","fields":{"message":"status","ticks":1320,"daily_pnl":"-3.48","open_positions":"[]","pending_config":"None"},"target":"paper_trader"}
{"timestamp":"2026-09-24T19:16:00.268742Z","level":"INFO","fields":{"message":"status","ticks":1380,"daily_pnl":"-3.48","open_positions":"[]","pending_config":"None"},"target":"paper_trader"}
{"timestamp":"2026-09-24T19:31:00.317226Z","level":"INFO","fields":{"message":"status","ticks":1440,"daily_pnl":"-3.48","open_positions":"[]","pending_config":"None"},"target":"paper_trader"}
{"timestamp":"2026-09-24T19:46:00.304517Z","level":"INFO","fields":{"message":"status","ticks":1500,"daily_pnl":"-3.48","open_positions":"[]","pending_config":"None"},"target":"paper_trader"}
{"timestamp":"2026-09-24T20:10:04.169870Z","level":"INFO","fields":{"message":"shutdown complete","total_ticks":1557,"daily_pnl":"-3.48","open_positions":0},"target":"paper_trader"}
