{"timestamp":"2026-10-01T13:10:02.740511Z","level":"INFO","fields":{"message":"engine built","book":"primary","ticker":"AAPL","config_version_id":12},"target":"data_feed::book"}
{"timestamp":"2026-10-01T13:10:02.740531Z","level":"INFO","fields":{"message":"engine built","book":"primary","ticker":"NVDA","config_version_id":12},"target":"data_feed::book"}
{"timestamp":"2026-10-01T13:10:02.740549Z","level":"INFO","fields":{"message":"engine built","book":"primary","ticker":"MSFT","config_version_id":12},"target":"data_feed::book"}
{"timestamp":"2026-10-01T13:10:02.740592Z","level":"INFO","fields":{"message":"engine built","book":"shadow:vpin-0.26","ticker":"AMZN","config_version_id":14},"target":"data_feed::book"}
{"timestamp":"2026-10-01T13:10:02.740620Z","level":"INFO","fields":{"message":"engine built","book":"shadow:vpin-0.26","ticker":"AAPL","config_version_id":14},"target":"data_feed::book"}
{"timestamp":"2026-10-01T13:10:02.740639Z","level":"INFO","fields":{"message":"engine built","book":"shadow:vpin-0.26","ticker":"NVDA","config_version_id":14},"target":"data_feed::book"}
{"timestamp":"2026-10-01T13:10:02.740658Z","level":"INFO","fields":{"message":"engine built","book":"shadow:vpin-0.26","ticker":"MSFT","config_version_id":14},"target":"data_feed::book"}
{"timestamp":"2026-10-01T13:10:02.740697Z","level":"INFO","fields":{"message":"engine built","book":"shadow:stress-s15-core","ticker":"AMZN","config_version_id":16},"target":"data_feed::book"}
{"timestamp":"2026-10-01T13:10:02.740717Z","level":"INFO","fields":{"message":"engine built","book":"shadow:stress-s15-core","ticker":"AAPL","config_version_id":16},"target":"data_feed::book"}
{"timestamp":"2026-10-01T13:10:02.740735Z","level":"INFO","fields":{"message":"engine built","book":"shadow:stress-s15-core","ticker":"NVDA","config_version_id":16},"target":"data_feed::book"}
{"timestamp":"2026-10-01T13:10:02.740754Z","level":"INFO","fields":{"message":"engine built","book":"shadow:stress-s15-core","ticker":"MSFT","config_version_id":16},"target":"data_feed::book"}
{"timestamp":"2026-10-01T13:31:00.252401Z","level":"INFO","fields":{"message":"book session recorded","book":"primary","session_date":"2026-10-01","config_version_id":12},"target":"data_feed::book"}
{"timestamp":"2026-10-01T13:31:00.261724Z","level":"INFO","fields":{"message":"book session recorded","book":"shadow:vpin-0.26","session_date":"2026-10-01","config_version_id":14},"target":"data_feed::book"}
{"timestamp":"2026-10-01T13:31:00.270764Z","level":"INFO","fields":{"message":"book session recorded","book":"shadow:stress-s15-core","session_date":"2026-10-01","config_version_id":16},"target":"data_feed::book"}
{"timestamp":"2026-10-01T13:45:00.277695Z","level":"INFO","fields":{"message":"status","ticks":60,"daily_pnl":"0.00","open_positions":"[\"primary: []\", \"shadow:vpin-0.26: []\", \"shadow:stress-s15-core: []\"]","pending_config":"[]"},"target":"paper_trader"}
{"timestamp":"2026-10-01T14:00:00.091108Z","level":"INFO","fields":{"message":"status","ticks":120,"daily_pnl":"0.00","open_positions":"[\"primary: []\", \"shadow:vpin-0.26: []\", \"shadow:stress-s15-core: []\"]","pending_config":"[]"},"target":"paper_trader"}
{"timestamp":"2026-10-01T14:15:00.291309Z","level":"INFO","fields":{"message":"status","ticks":180,"daily_pnl":"0.00","open_positions":"[\"primary: []\", \"shadow:vpin-0.26: []\", \"shadow:stress-s15-core: []\"]","pending_config":"[]"},"target":"paper_trader"}
{"timestamp":"2026-10-01T14:30:00.289915Z","level":"INFO","fields":{"message":"status","ticks":240,"daily_pnl":"0.00","open_positions":"[\"primary: []\", \"shadow:vpin-0.26: []\", \"shadow:stress-s15-core: []\"]","pending_config":"[]"},"target":"paper_trader"}
{"timestamp":"2026-10-01T14:45:00.084449Z","level":"INFO","fields":{"message":"status","ticks":300,"daily_pnl":"0.00","open_positions":"[\"primary: []\", \"shadow:vpin-0.26: []\", \"shadow:stress-s15-core: []\"]","pending_config":"[]"},"target":"paper_trader"}
{"timestamp":"2026-10-01T15:00:00.299305Z","level":"INFO","fields":{"message":"status","ticks":360,"daily_pnl":"0.00","open_positions":"[\"primary: []\", \"shadow:vpin-0.26: []\", \"shadow:stress-s15-core: []\"]","pending_config":"[]"},"target":"paper_trader"}
{"timestamp":"2026-10-01T15:15:00.251066Z","level":"INFO","fields":{"message":"status","ticks":420,"daily_pnl":"0.00","open_positions":"[\"primary: []\", \"shadow:vpin-0.26: []\", \"shadow:stress-s15-core: []\"]","pending_config":"[]"},"target":"paper_trader"}
{"timestamp":"2026-10-01T15:30:00.358144Z","level":"INFO","fields":{"message":"status","ticks":480,"daily_pnl":"0.00","open_positions":"[\"primary: []\", \"shadow:vpin-0.26: []\", \"shadow:stress-s15-core: []\"]","pending_config":"[]"},"target":"paper_trader"}
{"timestamp":"2026-10-01T15:45:00.285536Z","level":"INFO","fields":{"message":"status","ticks":540,"daily_pnl":"0.00","open_positions":"[\"primary: []\", \"shadow:vpin-0.26: []\", \"shadow:stress-s15-core: []\"]","pending_config":"[]"},"target":"paper_trader"}
{"timestamp":"2026-10-01T16:01:00.056052Z","level":"INFO","fields":{"message":"status","ticks":600,"daily_pnl":"0.00","open_positions":"[\"primary: []\", \"shadow:vpin-0.26: []\", \"shadow:stress-s15-core: []\"]","pending_config":"[]"},"target":"paper_trader"}
{"timestamp":"2026-10-01T16:16:00.290329Z","level":"INFO","fields":{"message":"status","ticks":660,"daily_pnl":"0.00","open_positions":"[\"primary: []\", \"shadow:vpin-0.26: []\", \"shadow:stress-s15-core: []\"]","pending_config":"[]"},"target":"paper_trader"}
{"timestamp":"2026-10-01T16:31:00.295358Z","level":"INFO","fields":{"message":"status","ticks":720,"daily_pnl":"0.00","open_positions":"[\"primary: []\", \"shadow:vpin-0.26: []\", \"shadow:stress-s15-core: []\"]","pending_config":"[]"},"target":"paper_trader"}
{"timestamp":"2026-10-01T16:46:00.273703Z","level":"INFO","fields":{"message":"status","ticks":780,"daily_pnl":"0.00","open_positions":"[\"primary: []\", \"shadow:vpin-0.26: []\", \"shadow:stress-s15-core: []\"]","pending_config":"[]"},"target":"paper_trader"}
{"timestamp":"2026-10-01T17:01:00.284747Z","level":"INFO","fields":{"message":"status","ticks":840,"daily_pnl":"0.00","open_positions":"[\"primary: []\", \"shadow:vpin-0.26: []\", \"shadow:stress-s15-core: []\"]","pending_config":"[]"},"target":"paper_trader"}
{"timestamp":"2026-10-01T17:16:00.096330Z","level":"INFO","fields":{"message":"status","ticks":900,"daily_pnl":"0.00","open_positions":"[\"primary: []\", \"shadow:vpin-0.26: []\", \"shadow:stress-s15-core: []\"]","pending_config":"[]"},"target":"paper_trader"}
{"timestamp":"2026-10-01T17:31:00.338850Z","level":"INFO","fields":{"message":"status","ticks":960,"daily_pnl":"0.00","open_positions":"[\"primary: []\", \"shadow:vpin-0.26: []\", \"shadow:stress-s15-core: []\"]","pending_config":"[]"},"target":"paper_trader"}
{"timestamp":"2026-10-01T17:46:00.286403Z","level":"INFO","fields":{"message":"status","ticks":1020,"daily_pnl":"0.00","open_positions":"[\"primary: []\", \"shadow:vpin-0.26: []\", \"shadow:stress-s15-core: []\"]","pending_config":"[]"},"target":"paper_trader"}
{"timestamp":"2026-10-01T18:01:00.327650Z","level":"INFO","fields":{"message":"status","ticks":1080,"daily_pnl":"0.00","open_positions":"[\"primary: []\", \"shadow:vpin-0.26: []\", \"shadow:stress-s15-core: []\"]","pending_config":"[]"},"target":"paper_trader"}
{"timestamp":"2026-10-01T18:16:00.286739Z","level":"INFO","fields":{"message":"status","ticks":1140,"daily_pnl":"0.00","open_positions":"[\"primary: []\", \"shadow:vpin-0.26: []\", \"shadow:stress-s15-core: []\"]","pending_config":"[]"},"target":"paper_trader"}
{"timestamp":"2026-10-01T18:31:00.311328Z","level":"INFO","fields":{"message":"status","ticks":1200,"daily_pnl":"0.00","open_positions":"[\"primary: []\", \"shadow:vpin-0.26: []\", \"shadow:stress-s15-core: []\"]","pending_config":"[]"},"target":"paper_trader"}
{"timestamp":"2026-10-01T18:47:00.050654Z","level":"INFO","fields":{"message":"status","ticks":1260,"daily_pnl":"0.00","open_positions":"[\"primary: []\", \"shadow:vpin-0.26: []\", \"shadow:stress-s15-core: []\"]","pending_config":"[]"},"target":"paper_trader"}
{"timestamp":"2026-10-01T19:02:00.285066Z","level":"INFO","fields":{"message":"status","ticks":1320,"daily_pnl":"0.00","open_positions":"[\"primary: []\", \"shadow:vpin-0.26: []\", \"shadow:stress-s15-core: []\"]","pending_config":"[]"},"target":"paper_trader"}
{"timestamp":"2026-10-01T19:17:00.303746Z","level":"INFO","fields":{"message":"status","ticks":1380,"daily_pnl":"0.00","open_positions":"[\"primary: []\", \"shadow:vpin-0.26: []\", \"shadow:stress-s15-core: []\"]","pending_config":"[]"},"target":"paper_trader"}
{"timestamp":"2026-10-01T19:32:00.308128Z","level":"INFO","fields":{"message":"status","ticks":1440,"daily_pnl":"0.00","open_positions":"[\"primary: []\", \"shadow:vpin-0.26: []\", \"shadow:stress-s15-core: []\"]","pending_config":"[]"},"target":"paper_trader"}
{"timestamp":"2026-10-01T19:47:00.318815Z","level":"INFO","fields":{"message":"status","ticks":1500,"daily_pnl":"0.00","open_positions":"[\"primary: []\", \"shadow:vpin-0.26: []\", \"shadow:stress-s15-core: []\"]","pending_config":"[]"},"target":"paper_trader"}
{"timestamp":"2026-10-01T20:10:00.174204Z","level":"INFO","fields":{"message":"shutdown complete","total_ticks":1554,"daily_pnl":"0.00","open_positions":0,"books":"[\"primary: pnl 0.00, open []\", \"shadow:vpin-0.26: pnl 0.00, open []\", \"shadow:stress-s15-core: pnl 0.00, open []\"]"},"target":"paper_trader"}
