2026-09-29 06:10:00.228742004 -0700 PDT m=+0.051618827 container exec dba30734dde0d90add5cab604f0a489c03ec0ea109ab2df1c5d4de0036f418b9 (image=docker.io/library/postgres:16, name=galactic_trading_firm-postgres-1, com.docker.compose.project=galactic_trading_firm, com.docker.compose.project.config_files=/home/dylmet/Projects/galactic_trading_firm/docker-compose.yml, com.docker.compose.config-hash=2fb7b7d17eef537354707a4935d5f45415ebf3ab322016b3bc2a5863423b4de6, com.docker.compose.oneoff=False, com.docker.compose.project.working_dir=/home/dylmet/Projects/galactic_trading_firm, com.docker.compose.service=postgres, com.docker.compose.container-number=1, com.docker.compose.depends_on=, com.docker.compose.image=sha256:80f4c7a5e91618546dce5b4fe60cf03b14c0f9efa7e40157278d122772ced8d2, com.docker.compose.version=5.5.0)
2026-09-29 06:10:00.248358051 -0700 PDT m=+0.071234864 container exec_died dba30734dde0d90add5cab604f0a489c03ec0ea109ab2df1c5d4de0036f418b9 (image=docker.io/library/postgres:16, name=galactic_trading_firm-postgres-1, com.docker.compose.project.working_dir=/home/dylmet/Projects/galactic_trading_firm, execID=6b2c176c879e7157ca1b64b20eaab40b4dbf6b134c4a90f9ff4f2f2c6aa73da0, com.docker.compose.config-hash=2fb7b7d17eef537354707a4935d5f45415ebf3ab322016b3bc2a5863423b4de6, com.docker.compose.image=sha256:80f4c7a5e91618546dce5b4fe60cf03b14c0f9efa7e40157278d122772ced8d2, com.docker.compose.service=postgres, com.docker.compose.version=5.5.0, com.docker.compose.container-number=1, com.docker.compose.depends_on=, com.docker.compose.project=galactic_trading_firm, com.docker.compose.project.config_files=/home/dylmet/Projects/galactic_trading_firm/docker-compose.yml, com.docker.compose.oneoff=False)
{"timestamp":"2026-09-29T13:10:00.325918Z","level":"INFO","fields":{"message":"galactic trading firm — paper trading engine starting","mode":"Live"},"target":"paper_trader"}
{"timestamp":"2026-09-29T13:10:00.335065Z","level":"INFO","fields":{"message":"loaded promoted config","config_version_id":12,"blob_config_id":18,"indicators":17,"actions":14,"tickers":"[\"AMZN\", \"AAPL\", \"NVDA\", \"MSFT\"]","force_exit_by":"11:55","no_new_entries_after":"11:30","avoid_first_minutes":0,"max_position_pct":"Some(0.3)"},"target":"paper_trader"}
{"timestamp":"2026-09-29T13:10:00.335076Z","level":"WARN","fields":{"message":"config blob's config_id differs from its row id — using the row id for attribution","row_id":12,"blob_config_id":18},"target":"paper_trader"}
{"timestamp":"2026-09-29T13:10:00.335102Z","level":"INFO","fields":{"message":"book","book":"primary","role":"primary","config_version_id":12,"follows_promoted":true,"tickers":"[\"AMZN\", \"AAPL\", \"NVDA\", \"MSFT\"]","capital":"None","purpose":"live book: latest promoted config on the real paper broker"},"target":"paper_trader"}
{"timestamp":"2026-09-29T13:10:00.713210Z","level":"INFO","fields":{"message":"capital = min(configured, alpaca equity)","equity":99988.76,"configured":10000.0,"capital":10000.0},"target":"data_feed::account"}
{"timestamp":"2026-09-29T13:10:00.720977Z","level":"INFO","fields":{"message":"engine built","book":"primary","ticker":"AMZN","config_version_id":12},"target":"data_feed::book"}
{"timestamp":"2026-09-29T13:10:00.721000Z","level":"INFO","fields":{"message":"engine built","book":"primary","ticker":"AAPL","config_version_id":12},"target":"data_feed::book"}
{"timestamp":"2026-09-29T13:10:00.721019Z","level":"INFO","fields":{"message":"engine built","book":"primary","ticker":"NVDA","config_version_id":12},"target":"data_feed::book"}
{"timestamp":"2026-09-29T13:10:00.721038Z","level":"INFO","fields":{"message":"engine built","book":"primary","ticker":"MSFT","config_version_id":12},"target":"data_feed::book"}
{"timestamp":"2026-09-29T13:31:00.050630Z","level":"INFO","fields":{"message":"book session recorded","book":"primary","session_date":"2026-09-29","config_version_id":12},"target":"data_feed::book"}
{"timestamp":"2026-09-29T13:45:00.262317Z","level":"INFO","fields":{"message":"status","ticks":60,"daily_pnl":"0.00","open_positions":"[\"primary: [\\\"AAPL\\\"]\"]","pending_config":"[]"},"target":"paper_trader"}
{"timestamp":"2026-09-29T14:00:00.273234Z","level":"INFO","fields":{"message":"status","ticks":120,"daily_pnl":"0.00","open_positions":"[\"primary: [\\\"AAPL\\\"]\"]","pending_config":"[]"},"target":"paper_trader"}
{"timestamp":"2026-09-29T14:15:00.261363Z","level":"INFO","fields":{"message":"status","ticks":180,"daily_pnl":"0.00","open_positions":"[\"primary: [\\\"AAPL\\\"]\"]","pending_config":"[]"},"target":"paper_trader"}
{"timestamp":"2026-09-29T14:30:00.299432Z","level":"INFO","fields":{"message":"status","ticks":240,"daily_pnl":"0.00","open_positions":"[\"primary: [\\\"AAPL\\\"]\"]","pending_config":"[]"},"target":"paper_trader"}
{"timestamp":"2026-09-29T14:45:00.089627Z","level":"INFO","fields":{"message":"status","ticks":300,"daily_pnl":"0.00","open_positions":"[\"primary: [\\\"AAPL\\\"]\"]","pending_config":"[]"},"target":"paper_trader"}
{"timestamp":"2026-09-29T15:00:00.275266Z","level":"INFO","fields":{"message":"status","ticks":360,"daily_pnl":"0.00","open_positions":"[\"primary: [\\\"AAPL\\\"]\"]","pending_config":"[]"},"target":"paper_trader"}
{"timestamp":"2026-09-29T15:12:02.652541Z","level":"INFO","fields":{"message":"trade completed","book":"primary","ticker":"AAPL","pnl":"11.03","pnl_pct":"0.37%","exit_reason":"MaxHoldTimeout","entry_reason":"window:5m thrust short","hold_ms":5400000,"config_version":12},"target":"data_feed::book"}
{"timestamp":"2026-09-29T15:15:00.291324Z","level":"INFO","fields":{"message":"status","ticks":420,"daily_pnl":"11.03","open_positions":"[\"primary: []\"]","pending_config":"[]"},"target":"paper_trader"}
{"timestamp":"2026-09-29T15:31:00.067474Z","level":"INFO","fields":{"message":"status","ticks":480,"daily_pnl":"11.03","open_positions":"[\"primary: []\"]","pending_config":"[]"},"target":"paper_trader"}
{"timestamp":"2026-09-29T15:46:00.270145Z","level":"INFO","fields":{"message":"status","ticks":540,"daily_pnl":"11.03","open_positions":"[\"primary: []\"]","pending_config":"[]"},"target":"paper_trader"}
{"timestamp":"2026-09-29T16:01:00.259323Z","level":"INFO","fields":{"message":"status","ticks":600,"daily_pnl":"11.03","open_positions":"[\"primary: []\"]","pending_config":"[]"},"target":"paper_trader"}
{"timestamp":"2026-09-29T16:16:00.283497Z","level":"INFO","fields":{"message":"status","ticks":660,"daily_pnl":"11.03","open_positions":"[\"primary: []\"]","pending_config":"[]"},"target":"paper_trader"}
{"timestamp":"2026-09-29T16:31:00.282947Z","level":"INFO","fields":{"message":"status","ticks":720,"daily_pnl":"11.03","open_positions":"[\"primary: []\"]","pending_config":"[]"},"target":"paper_trader"}
{"timestamp":"2026-09-29T16:47:00.284997Z","level":"INFO","fields":{"message":"status","ticks":780,"daily_pnl":"11.03","open_positions":"[\"primary: []\"]","pending_config":"[]"},"target":"paper_trader"}
{"timestamp":"2026-09-29T17:02:00.271823Z","level":"INFO","fields":{"message":"status","ticks":840,"daily_pnl":"11.03","open_positions":"[\"primary: []\"]","pending_config":"[]"},"target":"paper_trader"}
{"timestamp":"2026-09-29T17:17:00.273790Z","level":"INFO","fields":{"message":"status","ticks":900,"daily_pnl":"11.03","open_positions":"[\"primary: []\"]","pending_config":"[]"},"target":"paper_trader"}
{"timestamp":"2026-09-29T17:32:00.279220Z","level":"INFO","fields":{"message":"status","ticks":960,"daily_pnl":"11.03","open_positions":"[\"primary: []\"]","pending_config":"[]"},"target":"paper_trader"}
{"timestamp":"2026-09-29T17:47:00.296911Z","level":"INFO","fields":{"message":"status","ticks":1020,"daily_pnl":"11.03","open_positions":"[\"primary: []\"]","pending_config":"[]"},"target":"paper_trader"}
{"timestamp":"2026-09-29T18:03:00.275298Z","level":"INFO","fields":{"message":"status","ticks":1080,"daily_pnl":"11.03","open_positions":"[\"primary: []\"]","pending_config":"[]"},"target":"paper_trader"}
{"timestamp":"2026-09-29T18:10:03.415083Z","level":"WARN","fields":{"message":"FEED STALE — no bar during market hours","ticker":"MSFT","last_bar_age_s":"Some(183)"},"target":"paper_trader"}
{"timestamp":"2026-09-29T18:18:00.283572Z","level":"INFO","fields":{"message":"status","ticks":1140,"daily_pnl":"11.03","open_positions":"[\"primary: []\"]","pending_config":"[]"},"target":"paper_trader"}
{"timestamp":"2026-09-29T18:34:00.282161Z","level":"INFO","fields":{"message":"status","ticks":1200,"daily_pnl":"11.03","open_positions":"[\"primary: []\"]","pending_config":"[]"},"target":"paper_trader"}
{"timestamp":"2026-09-29T18:49:00.292325Z","level":"INFO","fields":{"message":"status","ticks":1260,"daily_pnl":"11.03","open_positions":"[\"primary: []\"]","pending_config":"[]"},"target":"paper_trader"}
{"timestamp":"2026-09-29T19:04:00.271381Z","level":"INFO","fields":{"message":"status","ticks":1320,"daily_pnl":"11.03","open_positions":"[\"primary: []\"]","pending_config":"[]"},"target":"paper_trader"}
{"timestamp":"2026-09-29T19:19:00.265924Z","level":"INFO","fields":{"message":"status","ticks":1380,"daily_pnl":"11.03","open_positions":"[\"primary: []\"]","pending_config":"[]"},"target":"paper_trader"}
{"timestamp":"2026-09-29T19:34:00.297613Z","level":"INFO","fields":{"message":"status","ticks":1440,"daily_pnl":"11.03","open_positions":"[\"primary: []\"]","pending_config":"[]"},"target":"paper_trader"}
{"timestamp":"2026-09-29T19:49:00.062928Z","level":"INFO","fields":{"message":"status","ticks":1500,"daily_pnl":"11.03","open_positions":"[\"primary: []\"]","pending_config":"[]"},"target":"paper_trader"}
{"timestamp":"2026-09-29T20:10:05.171325Z","level":"INFO","fields":{"message":"shutdown complete","total_ticks":1547,"daily_pnl":"11.03","open_positions":0,"books":"[\"primary: pnl 11.03, open []\"]"},"target":"paper_trader"}
