{"timestamp":"2026-10-02T13:10:02.737908Z","level":"INFO","fields":{"message":"engine built","book":"primary","ticker":"AAPL","config_version_id":12},"target":"data_feed::book"}
{"timestamp":"2026-10-02T13:10:02.737927Z","level":"INFO","fields":{"message":"engine built","book":"primary","ticker":"NVDA","config_version_id":12},"target":"data_feed::book"}
{"timestamp":"2026-10-02T13:10:02.737946Z","level":"INFO","fields":{"message":"engine built","book":"primary","ticker":"MSFT","config_version_id":12},"target":"data_feed::book"}
{"timestamp":"2026-10-02T13:10:02.737974Z","level":"INFO","fields":{"message":"engine built","book":"shadow:vpin-0.26","ticker":"AMZN","config_version_id":14},"target":"data_feed::book"}
{"timestamp":"2026-10-02T13:10:02.737994Z","level":"INFO","fields":{"message":"engine built","book":"shadow:vpin-0.26","ticker":"AAPL","config_version_id":14},"target":"data_feed::book"}
{"timestamp":"2026-10-02T13:10:02.738013Z","level":"INFO","fields":{"message":"engine built","book":"shadow:vpin-0.26","ticker":"NVDA","config_version_id":14},"target":"data_feed::book"}
{"timestamp":"2026-10-02T13:10:02.738031Z","level":"INFO","fields":{"message":"engine built","book":"shadow:vpin-0.26","ticker":"MSFT","config_version_id":14},"target":"data_feed::book"}
{"timestamp":"2026-10-02T13:10:02.738064Z","level":"INFO","fields":{"message":"engine built","book":"shadow:stress-s15-core","ticker":"AMZN","config_version_id":16},"target":"data_feed::book"}
{"timestamp":"2026-10-02T13:10:02.738084Z","level":"INFO","fields":{"message":"engine built","book":"shadow:stress-s15-core","ticker":"AAPL","config_version_id":16},"target":"data_feed::book"}
{"timestamp":"2026-10-02T13:10:02.738104Z","level":"INFO","fields":{"message":"engine built","book":"shadow:stress-s15-core","ticker":"NVDA","config_version_id":16},"target":"data_feed::book"}
{"timestamp":"2026-10-02T13:10:02.738123Z","level":"INFO","fields":{"message":"engine built","book":"shadow:stress-s15-core","ticker":"MSFT","config_version_id":16},"target":"data_feed::book"}
{"timestamp":"2026-10-02T13:31:00.272755Z","level":"INFO","fields":{"message":"book session recorded","book":"primary","session_date":"2026-10-02","config_version_id":12},"target":"data_feed::book"}
{"timestamp":"2026-10-02T13:31:00.274818Z","level":"INFO","fields":{"message":"book session recorded","book":"shadow:vpin-0.26","session_date":"2026-10-02","config_version_id":14},"target":"data_feed::book"}
{"timestamp":"2026-10-02T13:31:00.276900Z","level":"INFO","fields":{"message":"book session recorded","book":"shadow:stress-s15-core","session_date":"2026-10-02","config_version_id":16},"target":"data_feed::book"}
{"timestamp":"2026-10-02T13:45:00.322705Z","level":"INFO","fields":{"message":"status","ticks":60,"daily_pnl":"0.00","open_positions":"[\"primary: []\", \"shadow:vpin-0.26: []\", \"shadow:stress-s15-core: []\"]","pending_config":"[]"},"target":"paper_trader"}
{"timestamp":"2026-10-02T14:00:00.260009Z","level":"INFO","fields":{"message":"status","ticks":120,"daily_pnl":"0.00","open_positions":"[\"primary: []\", \"shadow:vpin-0.26: []\", \"shadow:stress-s15-core: []\"]","pending_config":"[]"},"target":"paper_trader"}
{"timestamp":"2026-10-02T14:15:00.254210Z","level":"INFO","fields":{"message":"status","ticks":180,"daily_pnl":"0.00","open_positions":"[\"primary: []\", \"shadow:vpin-0.26: []\", \"shadow:stress-s15-core: []\"]","pending_config":"[]"},"target":"paper_trader"}
{"timestamp":"2026-10-02T14:30:00.258374Z","level":"INFO","fields":{"message":"status","ticks":240,"daily_pnl":"0.00","open_positions":"[\"primary: []\", \"shadow:vpin-0.26: []\", \"shadow:stress-s15-core: []\"]","pending_config":"[]"},"target":"paper_trader"}
{"timestamp":"2026-10-02T14:45:00.263804Z","level":"INFO","fields":{"message":"status","ticks":300,"daily_pnl":"0.00","open_positions":"[\"primary: []\", \"shadow:vpin-0.26: []\", \"shadow:stress-s15-core: []\"]","pending_config":"[]"},"target":"paper_trader"}
{"timestamp":"2026-10-02T15:00:00.254375Z","level":"INFO","fields":{"message":"status","ticks":360,"daily_pnl":"0.00","open_positions":"[\"primary: []\", \"shadow:vpin-0.26: []\", \"shadow:stress-s15-core: []\"]","pending_config":"[]"},"target":"paper_trader"}
{"timestamp":"2026-10-02T15:15:00.284044Z","level":"INFO","fields":{"message":"status","ticks":420,"daily_pnl":"0.00","open_positions":"[\"primary: []\", \"shadow:vpin-0.26: []\", \"shadow:stress-s15-core: []\"]","pending_config":"[]"},"target":"paper_trader"}
{"timestamp":"2026-10-02T15:30:00.293199Z","level":"INFO","fields":{"message":"status","ticks":480,"daily_pnl":"0.00","open_positions":"[\"primary: []\", \"shadow:vpin-0.26: []\", \"shadow:stress-s15-core: []\"]","pending_config":"[]"},"target":"paper_trader"}
{"timestamp":"2026-10-02T15:45:00.257939Z","level":"INFO","fields":{"message":"status","ticks":540,"daily_pnl":"0.00","open_positions":"[\"primary: []\", \"shadow:vpin-0.26: []\", \"shadow:stress-s15-core: []\"]","pending_config":"[]"},"target":"paper_trader"}
{"timestamp":"2026-10-02T16:00:00.267422Z","level":"INFO","fields":{"message":"status","ticks":600,"daily_pnl":"0.00","open_positions":"[\"primary: []\", \"shadow:vpin-0.26: []\", \"shadow:stress-s15-core: []\"]","pending_config":"[]"},"target":"paper_trader"}
{"timestamp":"2026-10-02T16:15:00.252970Z","level":"INFO","fields":{"message":"status","ticks":660,"daily_pnl":"0.00","open_positions":"[\"primary: []\", \"shadow:vpin-0.26: []\", \"shadow:stress-s15-core: []\"]","pending_config":"[]"},"target":"paper_trader"}
{"timestamp":"2026-10-02T16:30:00.261648Z","level":"INFO","fields":{"message":"status","ticks":720,"daily_pnl":"0.00","open_positions":"[\"primary: []\", \"shadow:vpin-0.26: []\", \"shadow:stress-s15-core: []\"]","pending_config":"[]"},"target":"paper_trader"}
{"timestamp":"2026-10-02T16:45:00.251805Z","level":"INFO","fields":{"message":"status","ticks":780,"daily_pnl":"0.00","open_positions":"[\"primary: []\", \"shadow:vpin-0.26: []\", \"shadow:stress-s15-core: []\"]","pending_config":"[]"},"target":"paper_trader"}
{"timestamp":"2026-10-02T17:00:00.269859Z","level":"INFO","fields":{"message":"status","ticks":840,"daily_pnl":"0.00","open_positions":"[\"primary: []\", \"shadow:vpin-0.26: []\", \"shadow:stress-s15-core: []\"]","pending_config":"[]"},"target":"paper_trader"}
{"timestamp":"2026-10-02T17:15:00.076763Z","level":"INFO","fields":{"message":"status","ticks":900,"daily_pnl":"0.00","open_positions":"[\"primary: []\", \"shadow:vpin-0.26: []\", \"shadow:stress-s15-core: []\"]","pending_config":"[]"},"target":"paper_trader"}
{"timestamp":"2026-10-02T17:30:00.250621Z","level":"INFO","fields":{"message":"status","ticks":960,"daily_pnl":"0.00","open_positions":"[\"primary: []\", \"shadow:vpin-0.26: []\", \"shadow:stress-s15-core: []\"]","pending_config":"[]"},"target":"paper_trader"}
{"timestamp":"2026-10-02T17:45:00.274985Z","level":"INFO","fields":{"message":"status","ticks":1020,"daily_pnl":"0.00","open_positions":"[\"primary: []\", \"shadow:vpin-0.26: []\", \"shadow:stress-s15-core: []\"]","pending_config":"[]"},"target":"paper_trader"}
{"timestamp":"2026-10-02T18:00:00.056841Z","level":"INFO","fields":{"message":"status","ticks":1080,"daily_pnl":"0.00","open_positions":"[\"primary: []\", \"shadow:vpin-0.26: []\", \"shadow:stress-s15-core: []\"]","pending_config":"[]"},"target":"paper_trader"}
{"timestamp":"2026-10-02T18:16:00.250561Z","level":"INFO","fields":{"message":"status","ticks":1140,"daily_pnl":"0.00","open_positions":"[\"primary: []\", \"shadow:vpin-0.26: []\", \"shadow:stress-s15-core: []\"]","pending_config":"[]"},"target":"paper_trader"}
{"timestamp":"2026-10-02T18:31:00.262919Z","level":"INFO","fields":{"message":"status","ticks":1200,"daily_pnl":"0.00","open_positions":"[\"primary: []\", \"shadow:vpin-0.26: []\", \"shadow:stress-s15-core: []\"]","pending_config":"[]"},"target":"paper_trader"}
{"timestamp":"2026-10-02T18:46:00.274355Z","level":"INFO","fields":{"message":"status","ticks":1260,"daily_pnl":"0.00","open_positions":"[\"primary: []\", \"shadow:vpin-0.26: []\", \"shadow:stress-s15-core: []\"]","pending_config":"[]"},"target":"paper_trader"}
{"timestamp":"2026-10-02T19:01:00.287021Z","level":"INFO","fields":{"message":"status","ticks":1320,"daily_pnl":"0.00","open_positions":"[\"primary: []\", \"shadow:vpin-0.26: []\", \"shadow:stress-s15-core: []\"]","pending_config":"[]"},"target":"paper_trader"}
{"timestamp":"2026-10-02T19:16:00.286344Z","level":"INFO","fields":{"message":"status","ticks":1380,"daily_pnl":"0.00","open_positions":"[\"primary: []\", \"shadow:vpin-0.26: []\", \"shadow:stress-s15-core: []\"]","pending_config":"[]"},"target":"paper_trader"}
{"timestamp":"2026-10-02T19:31:00.263610Z","level":"INFO","fields":{"message":"status","ticks":1440,"daily_pnl":"0.00","open_positions":"[\"primary: []\", \"shadow:vpin-0.26: []\", \"shadow:stress-s15-core: []\"]","pending_config":"[]"},"target":"paper_trader"}
{"timestamp":"2026-10-02T19:46:00.286470Z","level":"INFO","fields":{"message":"status","ticks":1500,"daily_pnl":"0.00","open_positions":"[\"primary: []\", \"shadow:vpin-0.26: []\", \"shadow:stress-s15-core: []\"]","pending_config":"[]"},"target":"paper_trader"}
{"timestamp":"2026-10-02T20:10:00.182356Z","level":"INFO","fields":{"message":"shutdown complete","total_ticks":1556,"daily_pnl":"0.00","open_positions":0,"books":"[\"primary: pnl 0.00, open []\", \"shadow:vpin-0.26: pnl 0.00, open []\", \"shadow:stress-s15-core: pnl 0.00, open []\"]"},"target":"paper_trader"}
